Archive member included to satisfy reference by file (symbol)

c:/st/stm32cubeide_1.2.0/stm32cubeide/plugins/com.st.stm32cube.ide.mcu.externaltools.gnu-tools-for-stm32.7-2018-q2-update.win32_1.0.0.201904181610/tools/bin/../lib/gcc/arm-none-eabi/7.3.1/../../../../arm-none-eabi/lib/thumb/v7e-m/fpv4-sp/hard\libc_nano.a(lib_a-atoi.o)
                              Middlewares/Third_Party/ioLibrary_Driver/Internet/FTPClient/ftpc.o (atoi)
c:/st/stm32cubeide_1.2.0/stm32cubeide/plugins/com.st.stm32cube.ide.mcu.externaltools.gnu-tools-for-stm32.7-2018-q2-update.win32_1.0.0.201904181610/tools/bin/../lib/gcc/arm-none-eabi/7.3.1/../../../../arm-none-eabi/lib/thumb/v7e-m/fpv4-sp/hard\libc_nano.a(lib_a-errno.o)
                              Core/Src/syscalls.o (__errno)
c:/st/stm32cubeide_1.2.0/stm32cubeide/plugins/com.st.stm32cube.ide.mcu.externaltools.gnu-tools-for-stm32.7-2018-q2-update.win32_1.0.0.201904181610/tools/bin/../lib/gcc/arm-none-eabi/7.3.1/../../../../arm-none-eabi/lib/thumb/v7e-m/fpv4-sp/hard\libc_nano.a(lib_a-exit.o)
                              c:/st/stm32cubeide_1.2.0/stm32cubeide/plugins/com.st.stm32cube.ide.mcu.externaltools.gnu-tools-for-stm32.7-2018-q2-update.win32_1.0.0.201904181610/tools/bin/../lib/gcc/arm-none-eabi/7.3.1/../../../../arm-none-eabi/lib/thumb/v7e-m/fpv4-sp/hard/crt0.o (exit)
c:/st/stm32cubeide_1.2.0/stm32cubeide/plugins/com.st.stm32cube.ide.mcu.externaltools.gnu-tools-for-stm32.7-2018-q2-update.win32_1.0.0.201904181610/tools/bin/../lib/gcc/arm-none-eabi/7.3.1/../../../../arm-none-eabi/lib/thumb/v7e-m/fpv4-sp/hard\libc_nano.a(lib_a-impure.o)
                              c:/st/stm32cubeide_1.2.0/stm32cubeide/plugins/com.st.stm32cube.ide.mcu.externaltools.gnu-tools-for-stm32.7-2018-q2-update.win32_1.0.0.201904181610/tools/bin/../lib/gcc/arm-none-eabi/7.3.1/../../../../arm-none-eabi/lib/thumb/v7e-m/fpv4-sp/hard\libc_nano.a(lib_a-exit.o) (_global_impure_ptr)
c:/st/stm32cubeide_1.2.0/stm32cubeide/plugins/com.st.stm32cube.ide.mcu.externaltools.gnu-tools-for-stm32.7-2018-q2-update.win32_1.0.0.201904181610/tools/bin/../lib/gcc/arm-none-eabi/7.3.1/../../../../arm-none-eabi/lib/thumb/v7e-m/fpv4-sp/hard\libc_nano.a(lib_a-init.o)
                              c:/st/stm32cubeide_1.2.0/stm32cubeide/plugins/com.st.stm32cube.ide.mcu.externaltools.gnu-tools-for-stm32.7-2018-q2-update.win32_1.0.0.201904181610/tools/bin/../lib/gcc/arm-none-eabi/7.3.1/../../../../arm-none-eabi/lib/thumb/v7e-m/fpv4-sp/hard/crt0.o (__libc_init_array)
c:/st/stm32cubeide_1.2.0/stm32cubeide/plugins/com.st.stm32cube.ide.mcu.externaltools.gnu-tools-for-stm32.7-2018-q2-update.win32_1.0.0.201904181610/tools/bin/../lib/gcc/arm-none-eabi/7.3.1/../../../../arm-none-eabi/lib/thumb/v7e-m/fpv4-sp/hard\libc_nano.a(lib_a-locale.o)
                              Middlewares/Third_Party/ioLibrary_Driver/Internet/FTPServer/ftpd.o (__locale_ctype_ptr)
c:/st/stm32cubeide_1.2.0/stm32cubeide/plugins/com.st.stm32cube.ide.mcu.externaltools.gnu-tools-for-stm32.7-2018-q2-update.win32_1.0.0.201904181610/tools/bin/../lib/gcc/arm-none-eabi/7.3.1/../../../../arm-none-eabi/lib/thumb/v7e-m/fpv4-sp/hard\libc_nano.a(lib_a-malloc.o)
                              Middlewares/Third_Party/ioLibrary_Driver/Internet/httpServer/httpServer.o (malloc)
c:/st/stm32cubeide_1.2.0/stm32cubeide/plugins/com.st.stm32cube.ide.mcu.externaltools.gnu-tools-for-stm32.7-2018-q2-update.win32_1.0.0.201904181610/tools/bin/../lib/gcc/arm-none-eabi/7.3.1/../../../../arm-none-eabi/lib/thumb/v7e-m/fpv4-sp/hard\libc_nano.a(lib_a-mbtowc_r.o)
                              c:/st/stm32cubeide_1.2.0/stm32cubeide/plugins/com.st.stm32cube.ide.mcu.externaltools.gnu-tools-for-stm32.7-2018-q2-update.win32_1.0.0.201904181610/tools/bin/../lib/gcc/arm-none-eabi/7.3.1/../../../../arm-none-eabi/lib/thumb/v7e-m/fpv4-sp/hard\libc_nano.a(lib_a-locale.o) (__ascii_mbtowc)
c:/st/stm32cubeide_1.2.0/stm32cubeide/plugins/com.st.stm32cube.ide.mcu.externaltools.gnu-tools-for-stm32.7-2018-q2-update.win32_1.0.0.201904181610/tools/bin/../lib/gcc/arm-none-eabi/7.3.1/../../../../arm-none-eabi/lib/thumb/v7e-m/fpv4-sp/hard\libc_nano.a(lib_a-memcmp.o)
                              Middlewares/Third_Party/ioLibrary_Driver/Internet/MQTT/MQTTPacket/src/MQTTConnectServer.o (memcmp)
c:/st/stm32cubeide_1.2.0/stm32cubeide/plugins/com.st.stm32cube.ide.mcu.externaltools.gnu-tools-for-stm32.7-2018-q2-update.win32_1.0.0.201904181610/tools/bin/../lib/gcc/arm-none-eabi/7.3.1/../../../../arm-none-eabi/lib/thumb/v7e-m/fpv4-sp/hard\libc_nano.a(lib_a-memcpy-stub.o)
                              Middlewares/Third_Party/FreeRTOS/Source/queue.o (memcpy)
c:/st/stm32cubeide_1.2.0/stm32cubeide/plugins/com.st.stm32cube.ide.mcu.externaltools.gnu-tools-for-stm32.7-2018-q2-update.win32_1.0.0.201904181610/tools/bin/../lib/gcc/arm-none-eabi/7.3.1/../../../../arm-none-eabi/lib/thumb/v7e-m/fpv4-sp/hard\libc_nano.a(lib_a-memset.o)
[...]
Memory Configuration

Name             Origin             Length             Attributes
CCMRAM           0x0000000010000000 0x0000000000010000 xrw
RAM              0x0000000020000000 0x0000000000030000 xrw
FLASH            0x0000000008000000 0x0000000000200000 xr
*default*        0x0000000000000000 0xffffffffffffffff

Linker script and memory map

LOAD c:/st/stm32cubeide_1.2.0/stm32cubeide/plugins/com.st.stm32cube.ide.mcu.externaltools.gnu-tools-for-stm32.7-2018-q2-update.win32_1.0.0.201904181610/tools/bin/../lib/gcc/arm-none-eabi/7.3.1/thumb/v7e-m/fpv4-sp/hard/crti.o
LOAD c:/st/stm32cubeide_1.2.0/stm32cubeide/plugins/com.st.stm32cube.ide.mcu.externaltools.gnu-tools-for-stm32.7-2018-q2-update.win32_1.0.0.201904181610/tools/bin/../lib/gcc/arm-none-eabi/7.3.1/thumb/v7e-m/fpv4-sp/hard/crtbegin.o
LOAD c:/st/stm32cubeide_1.2.0/stm32cubeide/plugins/com.st.stm32cube.ide.mcu.externaltools.gnu-tools-for-stm32.7-2018-q2-update.win32_1.0.0.201904181610/tools/bin/../lib/gcc/arm-none-eabi/7.3.1/../../../../arm-none-eabi/lib/thumb/v7e-m/fpv4-sp/hard/crt0.o
LOAD Core/Src/freertos.o
LOAD Core/Src/gpio.o
LOAD Core/Src/main.o
LOAD Core/Src/spi.o
LOAD Core/Src/stm32f4xx_hal_msp.o
LOAD Core/Src/stm32f4xx_hal_timebase_tim.o
LOAD Core/Src/stm32f4xx_it.o
LOAD Core/Src/syscalls.o
LOAD Core/Src/sysmem.o
LOAD Core/Src/system_stm32f4xx.o
LOAD Core/Src/tcpclient.o
LOAD Core/Src/wizInterface.o
LOAD Core/Startup/startup_stm32f429zitx.o
LOAD Drivers/STM32F4xx_HAL_Driver/Src/stm32f4xx_hal.o
LOAD Drivers/STM32F4xx_HAL_Driver/Src/stm32f4xx_hal_cortex.o
LOAD Drivers/STM32F4xx_HAL_Driver/Src/stm32f4xx_hal_dma.o
LOAD Drivers/STM32F4xx_HAL_Driver/Src/stm32f4xx_hal_dma_ex.o
LOAD Drivers/STM32F4xx_HAL_Driver/Src/stm32f4xx_hal_exti.o
LOAD Drivers/STM32F4xx_HAL_Driver/Src/stm32f4xx_hal_flash.o
LOAD Drivers/STM32F4xx_HAL_Driver/Src/stm32f4xx_hal_flash_ex.o
LOAD Drivers/STM32F4xx_HAL_Driver/Src/stm32f4xx_hal_flash_ramfunc.o
LOAD Drivers/STM32F4xx_HAL_Driver/Src/stm32f4xx_hal_gpio.o
LOAD Drivers/STM32F4xx_HAL_Driver/Src/stm32f4xx_hal_pwr.o
LOAD Drivers/STM32F4xx_HAL_Driver/Src/stm32f4xx_hal_pwr_ex.o
LOAD Drivers/STM32F4xx_HAL_Driver/Src/stm32f4xx_hal_rcc.o
LOAD Drivers/STM32F4xx_HAL_Driver/Src/stm32f4xx_hal_rcc_ex.o
LOAD Drivers/STM32F4xx_HAL_Driver/Src/stm32f4xx_hal_spi.o
LOAD Drivers/STM32F4xx_HAL_Driver/Src/stm32f4xx_hal_tim.o
LOAD Drivers/STM32F4xx_HAL_Driver/Src/stm32f4xx_hal_tim_ex.o
LOAD Middlewares/Third_Party/FreeRTOS/Source/CMSIS_RTOS/cmsis_os.o
LOAD Middlewares/Third_Party/FreeRTOS/Source/croutine.o
LOAD Middlewares/Third_Party/FreeRTOS/Source/event_groups.o
LOAD Middlewares/Third_Party/FreeRTOS/Source/list.o
LOAD Middlewares/Third_Party/FreeRTOS/Source/queue.o
LOAD Middlewares/Third_Party/FreeRTOS/Source/stream_buffer.o
LOAD Middlewares/Third_Party/FreeRTOS/Source/tasks.o
LOAD Middlewares/Third_Party/FreeRTOS/Source/timers.o
LOAD Middlewares/Third_Party/FreeRTOS/Source/portable/GCC/ARM_CM4F/port.o
LOAD Middlewares/Third_Party/FreeRTOS/Source/portable/MemMang/heap_4.o
LOAD Middlewares/Third_Party/ioLibrary_Driver/Application/loopback/loopback.o
LOAD Middlewares/Third_Party/ioLibrary_Driver/Application/multicast/multicast.o
LOAD Middlewares/Third_Party/ioLibrary_Driver/Ethernet/W5100/w5100.o
LOAD Middlewares/Third_Party/ioLibrary_Driver/Ethernet/W5100S/w5100s.o
LOAD Middlewares/Third_Party/ioLibrary_Driver/Ethernet/W5200/w5200.o
LOAD Middlewares/Third_Party/ioLibrary_Driver/Ethernet/W5300/w5300.o
LOAD Middlewares/Third_Party/ioLibrary_Driver/Ethernet/W5500/w5500.o
LOAD Middlewares/Third_Party/ioLibrary_Driver/Ethernet/socket.o
LOAD Middlewares/Third_Party/ioLibrary_Driver/Ethernet/wizchip_conf.o
LOAD Middlewares/Third_Party/ioLibrary_Driver/Internet/DHCP/dhcp.o
LOAD Middlewares/Third_Party/ioLibrary_Driver/Internet/DNS/dns.o
LOAD Middlewares/Third_Party/ioLibrary_Driver/Internet/FTPClient/ftpc.o
LOAD Middlewares/Third_Party/ioLibrary_Driver/Internet/FTPServer/ftpd.o
LOAD Middlewares/Third_Party/ioLibrary_Driver/Internet/MQTT/MQTTClient.o
LOAD Middlewares/Third_Party/ioLibrary_Driver/Internet/MQTT/mqtt_interface.o
LOAD Middlewares/Third_Party/ioLibrary_Driver/Internet/MQTT/MQTTPacket/src/MQTTConnectClient.o
LOAD Middlewares/Third_Party/ioLibrary_Driver/Internet/MQTT/MQTTPacket/src/MQTTConnectServer.o
LOAD Middlewares/Third_Party/ioLibrary_Driver/Internet/MQTT/MQTTPacket/src/MQTTDeserializePublish.o
LOAD Middlewares/Third_Party/ioLibrary_Driver/Internet/MQTT/MQTTPacket/src/MQTTFormat.o
LOAD Middlewares/Third_Party/ioLibrary_Driver/Internet/MQTT/MQTTPacket/src/MQTTPacket.o
LOAD Middlewares/Third_Party/ioLibrary_Driver/Internet/MQTT/MQTTPacket/src/MQTTSerializePublish.o
LOAD Middlewares/Third_Party/ioLibrary_Driver/Internet/MQTT/MQTTPacket/src/MQTTSubscribeClient.o
LOAD Middlewares/Third_Party/ioLibrary_Driver/Internet/MQTT/MQTTPacket/src/MQTTSubscribeServer.o
LOAD Middlewares/Third_Party/ioLibrary_Driver/Internet/MQTT/MQTTPacket/src/MQTTUnsubscribeClient.o
LOAD Middlewares/Third_Party/ioLibrary_Driver/Internet/MQTT/MQTTPacket/src/MQTTUnsubscribeServer.o
LOAD Middlewares/Third_Party/ioLibrary_Driver/Internet/SNMP/snmp.o
LOAD Middlewares/Third_Party/ioLibrary_Driver/Internet/SNMP/snmp_custom.o
LOAD Middlewares/Third_Party/ioLibrary_Driver/Internet/SNTP/sntp.o
LOAD Middlewares/Third_Party/ioLibrary_Driver/Internet/TFTP/netutil.o
LOAD Middlewares/Third_Party/ioLibrary_Driver/Internet/TFTP/tftp.o
LOAD Middlewares/Third_Party/ioLibrary_Driver/Internet/httpServer/httpParser.o
LOAD Middlewares/Third_Party/ioLibrary_Driver/Internet/httpServer/httpServer.o
LOAD Middlewares/Third_Party/ioLibrary_Driver/Internet/httpServer/httpUtil.o
START GROUP
LOAD c:/st/stm32cubeide_1.2.0/stm32cubeide/plugins/com.st.stm32cube.ide.mcu.externaltools.gnu-tools-for-stm32.7-2018-q2-update.win32_1.0.0.201904181610/tools/bin/../lib/gcc/arm-none-eabi/7.3.1/../../../../arm-none-eabi/lib/thumb/v7e-m/fpv4-sp/hard\libc_nano.a
LOAD c:/st/stm32cubeide_1.2.0/stm32cubeide/plugins/com.st.stm32cube.ide.mcu.externaltools.gnu-tools-for-stm32.7-2018-q2-update.win32_1.0.0.201904181610/tools/bin/../lib/gcc/arm-none-eabi/7.3.1/../../../../arm-none-eabi/lib/thumb/v7e-m/fpv4-sp/hard\libm.a
END GROUP
START GROUP
LOAD c:/st/stm32cubeide_1.2.0/stm32cubeide/plugins/com.st.stm32cube.ide.mcu.externaltools.gnu-tools-for-stm32.7-2018-q2-update.win32_1.0.0.201904181610/tools/bin/../lib/gcc/arm-none-eabi/7.3.1/thumb/v7e-m/fpv4-sp/hard\libgcc.a
LOAD c:/st/stm32cubeide_1.2.0/stm32cubeide/plugins/com.st.stm32cube.ide.mcu.externaltools.gnu-tools-for-stm32.7-2018-q2-update.win32_1.0.0.201904181610/tools/bin/../lib/gcc/arm-none-eabi/7.3.1/../../../../arm-none-eabi/lib/thumb/v7e-m/fpv4-sp/hard\libc_nano.a
END GROUP
START GROUP
LOAD c:/st/stm32cubeide_1.2.0/stm32cubeide/plugins/com.st.stm32cube.ide.mcu.externaltools.gnu-tools-for-stm32.7-2018-q2-update.win32_1.0.0.201904181610/tools/bin/../lib/gcc/arm-none-eabi/7.3.1/thumb/v7e-m/fpv4-sp/hard\libgcc.a
LOAD c:/st/stm32cubeide_1.2.0/stm32cubeide/plugins/com.st.stm32cube.ide.mcu.externaltools.gnu-tools-for-stm32.7-2018-q2-update.win32_1.0.0.201904181610/tools/bin/../lib/gcc/arm-none-eabi/7.3.1/../../../../arm-none-eabi/lib/thumb/v7e-m/fpv4-sp/hard\libc_nano.a
LOAD c:/st/stm32cubeide_1.2.0/stm32cubeide/plugins/com.st.stm32cube.ide.mcu.externaltools.gnu-tools-for-stm32.7-2018-q2-update.win32_1.0.0.201904181610/tools/bin/../lib/gcc/arm-none-eabi/7.3.1/../../../../arm-none-eabi/lib/thumb/v7e-m/fpv4-sp/hard\libnosys.a
END GROUP
START GROUP
LOAD c:/st/stm32cubeide_1.2.0/stm32cubeide/plugins/com.st.stm32cube.ide.mcu.externaltools.gnu-tools-for-stm32.7-2018-q2-update.win32_1.0.0.201904181610/tools/bin/../lib/gcc/arm-none-eabi/7.3.1/thumb/v7e-m/fpv4-sp/hard\libgcc.a
LOAD c:/st/stm32cubeide_1.2.0/stm32cubeide/plugins/com.st.stm32cube.ide.mcu.externaltools.gnu-tools-for-stm32.7-2018-q2-update.win32_1.0.0.201904181610/tools/bin/../lib/gcc/arm-none-eabi/7.3.1/../../../../arm-none-eabi/lib/thumb/v7e-m/fpv4-sp/hard\libc_nano.a
LOAD c:/st/stm32cubeide_1.2.0/stm32cubeide/plugins/com.st.stm32cube.ide.mcu.externaltools.gnu-tools-for-stm32.7-2018-q2-update.win32_1.0.0.201904181610/tools/bin/../lib/gcc/arm-none-eabi/7.3.1/../../../../arm-none-eabi/lib/thumb/v7e-m/fpv4-sp/hard\libnosys.a
END GROUP
LOAD c:/st/stm32cubeide_1.2.0/stm32cubeide/plugins/com.st.stm32cube.ide.mcu.externaltools.gnu-tools-for-stm32.7-2018-q2-update.win32_1.0.0.201904181610/tools/bin/../lib/gcc/arm-none-eabi/7.3.1/thumb/v7e-m/fpv4-sp/hard/crtend.o
LOAD c:/st/stm32cubeide_1.2.0/stm32cubeide/plugins/com.st.stm32cube.ide.mcu.externaltools.gnu-tools-for-stm32.7-2018-q2-update.win32_1.0.0.201904181610/tools/bin/../lib/gcc/arm-none-eabi/7.3.1/thumb/v7e-m/fpv4-sp/hard/crtn.o
                0x0000000020030000                _estack = (ORIGIN (RAM) + LENGTH (RAM))
                0x0000000000000200                _Min_Heap_Size = 0x200
                0x0000000000000800                _Min_Stack_Size = 0x800

.isr_vector     0x0000000008000000      0x1ac
                0x0000000008000000                . = ALIGN (0x4)
 *(.isr_vector)
 .isr_vector    0x0000000008000000      0x1ac Core/Startup/startup_stm32f429zitx.o
                0x0000000008000000                g_pfnVectors
                0x00000000080001ac                . = ALIGN (0x4)

.text           0x00000000080001b0     0x83bc
                0x00000000080001b0                . = ALIGN (0x4)
 *(.text)
 .text          0x00000000080001b0       0x40 c:/st/stm32cubeide_1.2.0/stm32cubeide/plugins/com.st.stm32cube.ide.mcu.externaltools.gnu-tools-for-stm32.7-2018-q2-update.win32_1.0.0.201904181610/tools/bin/../lib/gcc/arm-none-eabi/7.3.1/thumb/v7e-m/fpv4-sp/hard/crtbegin.o
 .text          0x00000000080001f0       0xa0 c:/st/stm32cubeide_1.2.0/stm32cubeide/plugins/com.st.stm32cube.ide.mcu.externaltools.gnu-tools-for-stm32.7-2018-q2-update.win32_1.0.0.201904181610/tools/bin/../lib/gcc/arm-none-eabi/7.3.1/../../../../arm-none-eabi/lib/thumb/v7e-m/fpv4-sp/hard\libc_nano.a(lib_a-memchr.o)
                0x00000000080001f0                memchr
 .text          0x0000000008000290       0x30 c:/st/stm32cubeide_1.2.0/stm32cubeide/plugins/com.st.stm32cube.ide.mcu.externaltools.gnu-tools-for-stm32.7-2018-q2-update.win32_1.0.0.201904181610/tools/bin/../lib/gcc/arm-none-eabi/7.3.1/thumb/v7e-m/fpv4-sp/hard\libgcc.a(_aeabi_uldivmod.o)
                0x0000000008000290                __aeabi_uldivmod
 .text          0x00000000080002c0      0x2cc c:/st/stm32cubeide_1.2.0/stm32cubeide/plugins/com.st.stm32cube.ide.mcu.externaltools.gnu-tools-for-stm32.7-2018-q2-update.win32_1.0.0.201904181610/tools/bin/../lib/gcc/arm-none-eabi/7.3.1/thumb/v7e-m/fpv4-sp/hard\libgcc.a(_udivmoddi4.o)
                0x00000000080002c0                __udivmoddi4
 .text          0x000000000800058c        0x4 c:/st/stm32cubeide_1.2.0/stm32cubeide/plugins/com.st.stm32cube.ide.mcu.externaltools.gnu-tools-for-stm32.7-2018-q2-update.win32_1.0.0.201904181610/tools/bin/../lib/gcc/arm-none-eabi/7.3.1/thumb/v7e-m/fpv4-sp/hard\libgcc.a(_dvmd_tls.o)
                0x000000000800058c                __aeabi_idiv0
                0x000000000800058c                __aeabi_ldiv0
 *(.text*)
 .text.vApplicationStackOverflowHook
                0x0000000008000590       0x20 Core/Src/freertos.o
                0x0000000008000590                vApplicationStackOverflowHook
 .text.vApplicationGetIdleTaskMemory
                0x00000000080005b0       0x34 Core/Src/freertos.o
                0x00000000080005b0                vApplicationGetIdleTaskMemory
 .text.MX_FREERTOS_Init
                0x00000000080005e4       0x38 Core/Src/freertos.o
                0x00000000080005e4                MX_FREERTOS_Init
 .text.StartDefaultTask
                0x000000000800061c       0x4c Core/Src/freertos.o
                0x000000000800061c                StartDefaultTask
 .text.MX_GPIO_Init
                0x0000000008000668      0x128 Core/Src/gpio.o
                0x0000000008000668                MX_GPIO_Init
 .text.ITM_SendChar
                0x0000000008000790       0x4e Core/Src/main.o
 .text._write   0x00000000080007de       0x38 Core/Src/main.o
                0x00000000080007de                _write
 *fill*         0x0000000008000816        0x2 
 .text.main     0x0000000008000818       0x28 Core/Src/main.o
                0x0000000008000818                main
 .text.SystemClock_Config
                0x0000000008000840       0xd4 Core/Src/main.o
                0x0000000008000840                SystemClock_Config
 .text.HAL_TIM_PeriodElapsedCallback
                0x0000000008000914       0x24 Core/Src/main.o
                0x0000000008000914                HAL_TIM_PeriodElapsedCallback
 .text.Error_Handler
                0x0000000008000938        0xe Core/Src/main.o
                0x0000000008000938                Error_Handler
 *fill*         0x0000000008000946        0x2 
 .text.MX_SPI1_Init
                0x0000000008000948       0x6c Core/Src/spi.o
                0x0000000008000948                MX_SPI1_Init
 .text.HAL_SPI_MspInit
                0x00000000080009b4       0x90 Core/Src/spi.o
                0x00000000080009b4                HAL_SPI_MspInit
 .text.HAL_MspInit
                0x0000000008000a44       0x58 Core/Src/stm32f4xx_hal_msp.o
                0x0000000008000a44                HAL_MspInit
 .text.HAL_InitTick
                0x0000000008000a9c       0xb4 Core/Src/stm32f4xx_hal_timebase_tim.o
                0x0000000008000a9c                HAL_InitTick
 .text.NMI_Handler
                0x0000000008000b50        0xe Core/Src/stm32f4xx_it.o
                0x0000000008000b50                NMI_Handler
 .text.HardFault_Handler
                0x0000000008000b5e        0x6 Core/Src/stm32f4xx_it.o
                0x0000000008000b5e                HardFault_Handler
 .text.MemManage_Handler
                0x0000000008000b64        0x6 Core/Src/stm32f4xx_it.o
                0x0000000008000b64                MemManage_Handler
 .text.BusFault_Handler
                0x0000000008000b6a        0x6 Core/Src/stm32f4xx_it.o
                0x0000000008000b6a                BusFault_Handler
 .text.UsageFault_Handler
                0x0000000008000b70        0x6 Core/Src/stm32f4xx_it.o
                0x0000000008000b70                UsageFault_Handler
 .text.DebugMon_Handler
                0x0000000008000b76        0xe Core/Src/stm32f4xx_it.o
                0x0000000008000b76                DebugMon_Handler
 .text.TIM6_DAC_IRQHandler
                0x0000000008000b84       0x14 Core/Src/stm32f4xx_it.o
                0x0000000008000b84                TIM6_DAC_IRQHandler
 .text._read    0x0000000008000b98       0x3a Core/Src/syscalls.o
                0x0000000008000b98                _read
 .text._close   0x0000000008000bd2       0x18 Core/Src/syscalls.o
                0x0000000008000bd2                _close
 .text._fstat   0x0000000008000bea       0x20 Core/Src/syscalls.o
                0x0000000008000bea                _fstat
 .text._isatty  0x0000000008000c0a       0x16 Core/Src/syscalls.o
                0x0000000008000c0a                _isatty
 .text._lseek   0x0000000008000c20       0x1a Core/Src/syscalls.o
                0x0000000008000c20                _lseek
 *fill*         0x0000000008000c3a        0x2 
 .text._sbrk    0x0000000008000c3c       0x58 Core/Src/sysmem.o
                0x0000000008000c3c                _sbrk
 .text.SystemInit
                0x0000000008000c94       0x2c Core/Src/system_stm32f4xx.o
                0x0000000008000c94                SystemInit
 .text.cbIPAddrAssigned
                0x0000000008000cc0       0x1c Core/Src/tcpclient.o
                0x0000000008000cc0                cbIPAddrAssigned
 .text.cbIPAddrConfict
                0x0000000008000cdc       0x1c Core/Src/tcpclient.o
                0x0000000008000cdc                cbIPAddrConfict
 .text.StartWizTcpClientTask
                0x0000000008000cf8      0x350 Core/Src/tcpclient.o
                0x0000000008000cf8                StartWizTcpClientTask
 .text.WIZ_SPI_Select
                0x0000000008001048       0x18 Core/Src/wizInterface.o
                0x0000000008001048                WIZ_SPI_Select
 .text.WIZ_SPI_Deselect
                0x0000000008001060       0x18 Core/Src/wizInterface.o
                0x0000000008001060                WIZ_SPI_Deselect
 .text.WIZ_SPI_TxByte
                0x0000000008001078       0x24 Core/Src/wizInterface.o
                0x0000000008001078                WIZ_SPI_TxByte
 .text.WIZ_SPI_RxByte
                0x000000000800109c       0x24 Core/Src/wizInterface.o
                0x000000000800109c                WIZ_SPI_RxByte
 .text.Reset_Handler
                0x00000000080010c0       0x50 Core/Startup/startup_stm32f429zitx.o
                0x00000000080010c0                Reset_Handler
 .text.Default_Handler
                0x0000000008001110        0x2 Core/Startup/startup_stm32f429zitx.o
                0x0000000008001110                RTC_Alarm_IRQHandler
                0x0000000008001110                HASH_RNG_IRQHandler
                0x0000000008001110                EXTI2_IRQHandler
                0x0000000008001110                TIM8_CC_IRQHandler
                0x0000000008001110                UART8_IRQHandler
                0x0000000008001110                SPI4_IRQHandler
                0x0000000008001110                TIM1_CC_IRQHandler
                0x0000000008001110                DMA2_Stream5_IRQHandler
                0x0000000008001110                DMA1_Stream5_IRQHandler
                0x0000000008001110                PVD_IRQHandler
                0x0000000008001110                SDIO_IRQHandler
                0x0000000008001110                TAMP_STAMP_IRQHandler
                0x0000000008001110                CAN2_RX1_IRQHandler
                0x0000000008001110                EXTI3_IRQHandler
                0x0000000008001110                TIM8_TRG_COM_TIM14_IRQHandler
                0x0000000008001110                TIM1_UP_TIM10_IRQHandler
                0x0000000008001110                TIM8_UP_TIM13_IRQHandler
                0x0000000008001110                I2C3_ER_IRQHandler
                0x0000000008001110                EXTI0_IRQHandler
                0x0000000008001110                I2C2_EV_IRQHandler
                0x0000000008001110                DMA1_Stream2_IRQHandler
                0x0000000008001110                CAN1_RX0_IRQHandler
                0x0000000008001110                FPU_IRQHandler
                0x0000000008001110                OTG_HS_WKUP_IRQHandler
                0x0000000008001110                LTDC_ER_IRQHandler
                0x0000000008001110                CAN2_SCE_IRQHandler
                0x0000000008001110                DMA2_Stream2_IRQHandler
                0x0000000008001110                SPI1_IRQHandler
                0x0000000008001110                TIM1_BRK_TIM9_IRQHandler
                0x0000000008001110                DCMI_IRQHandler
                0x0000000008001110                CAN2_RX0_IRQHandler
                0x0000000008001110                DMA2_Stream3_IRQHandler
                0x0000000008001110                USART6_IRQHandler
                0x0000000008001110                USART3_IRQHandler
                0x0000000008001110                CAN1_RX1_IRQHandler
                0x0000000008001110                UART5_IRQHandler
                0x0000000008001110                DMA2_Stream0_IRQHandler
                0x0000000008001110                TIM4_IRQHandler
                0x0000000008001110                I2C1_EV_IRQHandler
                0x0000000008001110                DMA1_Stream6_IRQHandler
                0x0000000008001110                DMA1_Stream1_IRQHandler
                0x0000000008001110                UART4_IRQHandler
                0x0000000008001110                TIM3_IRQHandler
                0x0000000008001110                RCC_IRQHandler
                0x0000000008001110                TIM8_BRK_TIM12_IRQHandler
                0x0000000008001110                Default_Handler
                0x0000000008001110                EXTI15_10_IRQHandler
                0x0000000008001110                ADC_IRQHandler
                0x0000000008001110                DMA1_Stream7_IRQHandler
                0x0000000008001110                SPI5_IRQHandler
                0x0000000008001110                TIM7_IRQHandler
                0x0000000008001110                CAN2_TX_IRQHandler
                0x0000000008001110                TIM5_IRQHandler
                0x0000000008001110                DMA2_Stream7_IRQHandler
                0x0000000008001110                I2C3_EV_IRQHandler
                0x0000000008001110                EXTI9_5_IRQHandler
                0x0000000008001110                RTC_WKUP_IRQHandler
                0x0000000008001110                LTDC_IRQHandler
                0x0000000008001110                ETH_WKUP_IRQHandler
                0x0000000008001110                SPI2_IRQHandler
                0x0000000008001110                OTG_HS_EP1_IN_IRQHandler
                0x0000000008001110                DMA1_Stream0_IRQHandler
                0x0000000008001110                CAN1_TX_IRQHandler
                0x0000000008001110                EXTI4_IRQHandler
                0x0000000008001110                ETH_IRQHandler
                0x0000000008001110                OTG_HS_EP1_OUT_IRQHandler
                0x0000000008001110                WWDG_IRQHandler
                0x0000000008001110                SPI6_IRQHandler
                0x0000000008001110                TIM2_IRQHandler
                0x0000000008001110                OTG_FS_WKUP_IRQHandler
                0x0000000008001110                TIM1_TRG_COM_TIM11_IRQHandler
                0x0000000008001110                OTG_HS_IRQHandler
                0x0000000008001110                DMA2D_IRQHandler
                0x0000000008001110                EXTI1_IRQHandler
                0x0000000008001110                UART7_IRQHandler
                0x0000000008001110                USART2_IRQHandler
                0x0000000008001110                I2C2_ER_IRQHandler
                0x0000000008001110                DMA2_Stream1_IRQHandler
                0x0000000008001110                CAN1_SCE_IRQHandler
                0x0000000008001110                FLASH_IRQHandler
                0x0000000008001110                DMA2_Stream4_IRQHandler
                0x0000000008001110                USART1_IRQHandler
                0x0000000008001110                OTG_FS_IRQHandler
                0x0000000008001110                SPI3_IRQHandler
                0x0000000008001110                DMA1_Stream4_IRQHandler
                0x0000000008001110                I2C1_ER_IRQHandler
                0x0000000008001110                FMC_IRQHandler
                0x0000000008001110                DMA2_Stream6_IRQHandler
                0x0000000008001110                SAI1_IRQHandler
                0x0000000008001110                DMA1_Stream3_IRQHandler
 *fill*         0x0000000008001112        0x2 
 .text.HAL_Init
                0x0000000008001114       0x44 Drivers/STM32F4xx_HAL_Driver/Src/stm32f4xx_hal.o
                0x0000000008001114                HAL_Init
 .text.HAL_IncTick
                0x0000000008001158       0x28 Drivers/STM32F4xx_HAL_Driver/Src/stm32f4xx_hal.o
                0x0000000008001158                HAL_IncTick
 .text.HAL_GetTick
                0x0000000008001180       0x18 Drivers/STM32F4xx_HAL_Driver/Src/stm32f4xx_hal.o
                0x0000000008001180                HAL_GetTick
 .text.__NVIC_SetPriorityGrouping
                0x0000000008001198       0x48 Drivers/STM32F4xx_HAL_Driver/Src/stm32f4xx_hal_cortex.o
 .text.__NVIC_GetPriorityGrouping
                0x00000000080011e0       0x1c Drivers/STM32F4xx_HAL_Driver/Src/stm32f4xx_hal_cortex.o
 .text.__NVIC_EnableIRQ
                0x00000000080011fc       0x3c Drivers/STM32F4xx_HAL_Driver/Src/stm32f4xx_hal_cortex.o
 .text.__NVIC_SetPriority
                0x0000000008001238       0x54 Drivers/STM32F4xx_HAL_Driver/Src/stm32f4xx_hal_cortex.o
 .text.NVIC_EncodePriority
                0x000000000800128c       0x66 Drivers/STM32F4xx_HAL_Driver/Src/stm32f4xx_hal_cortex.o
 .text.HAL_NVIC_SetPriorityGrouping
                0x00000000080012f2       0x16 Drivers/STM32F4xx_HAL_Driver/Src/stm32f4xx_hal_cortex.o
                0x00000000080012f2                HAL_NVIC_SetPriorityGrouping
 .text.HAL_NVIC_SetPriority
                0x0000000008001308       0x38 Drivers/STM32F4xx_HAL_Driver/Src/stm32f4xx_hal_cortex.o
                0x0000000008001308                HAL_NVIC_SetPriority
 .text.HAL_NVIC_EnableIRQ
                0x0000000008001340       0x1c Drivers/STM32F4xx_HAL_Driver/Src/stm32f4xx_hal_cortex.o
                0x0000000008001340                HAL_NVIC_EnableIRQ
 .text.HAL_GPIO_Init
                0x000000000800135c      0x354 Drivers/STM32F4xx_HAL_Driver/Src/stm32f4xx_hal_gpio.o
                0x000000000800135c                HAL_GPIO_Init
 .text.HAL_GPIO_WritePin
                0x00000000080016b0       0x32 Drivers/STM32F4xx_HAL_Driver/Src/stm32f4xx_hal_gpio.o
                0x00000000080016b0                HAL_GPIO_WritePin
 .text.HAL_GPIO_TogglePin
                0x00000000080016e2       0x36 Drivers/STM32F4xx_HAL_Driver/Src/stm32f4xx_hal_gpio.o
                0x00000000080016e2                HAL_GPIO_TogglePin
 .text.HAL_RCC_OscConfig
                0x0000000008001718      0x4e0 Drivers/STM32F4xx_HAL_Driver/Src/stm32f4xx_hal_rcc.o
                0x0000000008001718                HAL_RCC_OscConfig
 .text.HAL_RCC_ClockConfig
                0x0000000008001bf8      0x1cc Drivers/STM32F4xx_HAL_Driver/Src/stm32f4xx_hal_rcc.o
                0x0000000008001bf8                HAL_RCC_ClockConfig
 .text.HAL_RCC_GetSysClockFreq
                0x0000000008001dc4      0x1b0 Drivers/STM32F4xx_HAL_Driver/Src/stm32f4xx_hal_rcc.o
                0x0000000008001dc4                HAL_RCC_GetSysClockFreq
 .text.HAL_RCC_GetHCLKFreq
                0x0000000008001f74       0x18 Drivers/STM32F4xx_HAL_Driver/Src/stm32f4xx_hal_rcc.o
                0x0000000008001f74                HAL_RCC_GetHCLKFreq
 .text.HAL_RCC_GetPCLK1Freq
                0x0000000008001f8c       0x28 Drivers/STM32F4xx_HAL_Driver/Src/stm32f4xx_hal_rcc.o
                0x0000000008001f8c                HAL_RCC_GetPCLK1Freq
 .text.HAL_RCC_GetClockConfig
                0x0000000008001fb4       0x64 Drivers/STM32F4xx_HAL_Driver/Src/stm32f4xx_hal_rcc.o
                0x0000000008001fb4                HAL_RCC_GetClockConfig
 .text.HAL_SPI_Init
                0x0000000008002018       0xc8 Drivers/STM32F4xx_HAL_Driver/Src/stm32f4xx_hal_spi.o
                0x0000000008002018                HAL_SPI_Init
 .text.HAL_SPI_Transmit
                0x00000000080020e0      0x268 Drivers/STM32F4xx_HAL_Driver/Src/stm32f4xx_hal_spi.o
                0x00000000080020e0                HAL_SPI_Transmit
 .text.HAL_SPI_Receive
                0x0000000008002348      0x212 Drivers/STM32F4xx_HAL_Driver/Src/stm32f4xx_hal_spi.o
                0x0000000008002348                HAL_SPI_Receive
 .text.HAL_SPI_TransmitReceive
                0x000000000800255a      0x344 Drivers/STM32F4xx_HAL_Driver/Src/stm32f4xx_hal_spi.o
                0x000000000800255a                HAL_SPI_TransmitReceive
 .text.SPI_WaitFlagStateUntilTimeout
                0x000000000800289e       0xd4 Drivers/STM32F4xx_HAL_Driver/Src/stm32f4xx_hal_spi.o
 .text.SPI_EndRxTransaction
                0x0000000008002972       0xca Drivers/STM32F4xx_HAL_Driver/Src/stm32f4xx_hal_spi.o
 .text.SPI_EndRxTxTransaction
                0x0000000008002a3c       0x84 Drivers/STM32F4xx_HAL_Driver/Src/stm32f4xx_hal_spi.o
 .text.HAL_TIM_Base_Init
                0x0000000008002ac0       0x56 Drivers/STM32F4xx_HAL_Driver/Src/stm32f4xx_hal_tim.o
                0x0000000008002ac0                HAL_TIM_Base_Init
 .text.HAL_TIM_Base_MspInit
                0x0000000008002b16       0x14 Drivers/STM32F4xx_HAL_Driver/Src/stm32f4xx_hal_tim.o
                0x0000000008002b16                HAL_TIM_Base_MspInit
 .text.HAL_TIM_Base_Start_IT
                0x0000000008002b2a       0x48 Drivers/STM32F4xx_HAL_Driver/Src/stm32f4xx_hal_tim.o
                0x0000000008002b2a                HAL_TIM_Base_Start_IT
 .text.HAL_TIM_IRQHandler
                0x0000000008002b72      0x210 Drivers/STM32F4xx_HAL_Driver/Src/stm32f4xx_hal_tim.o
                0x0000000008002b72                HAL_TIM_IRQHandler
 .text.HAL_TIM_OC_DelayElapsedCallback
                0x0000000008002d82       0x14 Drivers/STM32F4xx_HAL_Driver/Src/stm32f4xx_hal_tim.o
                0x0000000008002d82                HAL_TIM_OC_DelayElapsedCallback
 .text.HAL_TIM_IC_CaptureCallback
                0x0000000008002d96       0x14 Drivers/STM32F4xx_HAL_Driver/Src/stm32f4xx_hal_tim.o
                0x0000000008002d96                HAL_TIM_IC_CaptureCallback
 .text.HAL_TIM_PWM_PulseFinishedCallback
                0x0000000008002daa       0x14 Drivers/STM32F4xx_HAL_Driver/Src/stm32f4xx_hal_tim.o
                0x0000000008002daa                HAL_TIM_PWM_PulseFinishedCallback
 .text.HAL_TIM_TriggerCallback
                0x0000000008002dbe       0x14 Drivers/STM32F4xx_HAL_Driver/Src/stm32f4xx_hal_tim.o
                0x0000000008002dbe                HAL_TIM_TriggerCallback
 *fill*         0x0000000008002dd2        0x2 
 .text.TIM_Base_SetConfig
                0x0000000008002dd4      0x140 Drivers/STM32F4xx_HAL_Driver/Src/stm32f4xx_hal_tim.o
                0x0000000008002dd4                TIM_Base_SetConfig
 .text.HAL_TIMEx_CommutCallback
                0x0000000008002f14       0x14 Drivers/STM32F4xx_HAL_Driver/Src/stm32f4xx_hal_tim_ex.o
                0x0000000008002f14                HAL_TIMEx_CommutCallback
 .text.HAL_TIMEx_BreakCallback
                0x0000000008002f28       0x14 Drivers/STM32F4xx_HAL_Driver/Src/stm32f4xx_hal_tim_ex.o
                0x0000000008002f28                HAL_TIMEx_BreakCallback
 .text.makeFreeRtosPriority
                0x0000000008002f3c       0x30 Middlewares/Third_Party/FreeRTOS/Source/CMSIS_RTOS/cmsis_os.o
 .text.osKernelStart
                0x0000000008002f6c        0xe Middlewares/Third_Party/FreeRTOS/Source/CMSIS_RTOS/cmsis_os.o
                0x0000000008002f6c                osKernelStart
 .text.osThreadCreate
                0x0000000008002f7a       0x98 Middlewares/Third_Party/FreeRTOS/Source/CMSIS_RTOS/cmsis_os.o
                0x0000000008002f7a                osThreadCreate
 .text.osDelay  0x0000000008003012       0x28 Middlewares/Third_Party/FreeRTOS/Source/CMSIS_RTOS/cmsis_os.o
                0x0000000008003012                osDelay
 .text.vListInitialise
                0x000000000800303a       0x40 Middlewares/Third_Party/FreeRTOS/Source/list.o
                0x000000000800303a                vListInitialise
 .text.vListInitialiseItem
                0x000000000800307a       0x1a Middlewares/Third_Party/FreeRTOS/Source/list.o
                0x000000000800307a                vListInitialiseItem
 .text.vListInsertEnd
                0x0000000008003094       0x48 Middlewares/Third_Party/FreeRTOS/Source/list.o
                0x0000000008003094                vListInsertEnd
 .text.vListInsert
                0x00000000080030dc       0x72 Middlewares/Third_Party/FreeRTOS/Source/list.o
                0x00000000080030dc                vListInsert
 .text.uxListRemove
                0x000000000800314e       0x54 Middlewares/Third_Party/FreeRTOS/Source/list.o
                0x000000000800314e                uxListRemove
 .text.xTaskCreateStatic
                0x00000000080031a2       0xb4 Middlewares/Third_Party/FreeRTOS/Source/tasks.o
                0x00000000080031a2                xTaskCreateStatic
 .text.xTaskCreate
                0x0000000008003256       0x8a Middlewares/Third_Party/FreeRTOS/Source/tasks.o
                0x0000000008003256                xTaskCreate
 .text.prvInitialiseNewTask
                0x00000000080032e0      0x11c Middlewares/Third_Party/FreeRTOS/Source/tasks.o
 .text.prvAddNewTaskToReadyList
                0x00000000080033fc       0xd4 Middlewares/Third_Party/FreeRTOS/Source/tasks.o
 .text.vTaskDelete
                0x00000000080034d0      0x11c Middlewares/Third_Party/FreeRTOS/Source/tasks.o
                0x00000000080034d0                vTaskDelete
 .text.vTaskDelay
                0x00000000080035ec       0x68 Middlewares/Third_Party/FreeRTOS/Source/tasks.o
                0x00000000080035ec                vTaskDelay
 .text.vTaskStartScheduler
                0x0000000008003654       0xbc Middlewares/Third_Party/FreeRTOS/Source/tasks.o
                0x0000000008003654                vTaskStartScheduler
 .text.vTaskSuspendAll
                0x0000000008003710       0x1c Middlewares/Third_Party/FreeRTOS/Source/tasks.o
                0x0000000008003710                vTaskSuspendAll
 .text.xTaskResumeAll
                0x000000000800372c      0x138 Middlewares/Third_Party/FreeRTOS/Source/tasks.o
                0x000000000800372c                xTaskResumeAll
 .text.xTaskIncrementTick
                0x0000000008003864      0x170 Middlewares/Third_Party/FreeRTOS/Source/tasks.o
                0x0000000008003864                xTaskIncrementTick
 .text.vTaskSwitchContext
                0x00000000080039d4      0x100 Middlewares/Third_Party/FreeRTOS/Source/tasks.o
                0x00000000080039d4                vTaskSwitchContext
 .text.prvIdleTask
                0x0000000008003ad4       0x30 Middlewares/Third_Party/FreeRTOS/Source/tasks.o
 .text.prvInitialiseTaskLists
                0x0000000008003b04       0x80 Middlewares/Third_Party/FreeRTOS/Source/tasks.o
 .text.prvCheckTasksWaitingTermination
                0x0000000008003b84       0x58 Middlewares/Third_Party/FreeRTOS/Source/tasks.o
 .text.prvDeleteTCB
                0x0000000008003bdc       0x5c Middlewares/Third_Party/FreeRTOS/Source/tasks.o
 .text.prvResetNextTaskUnblockTime
                0x0000000008003c38       0x40 Middlewares/Third_Party/FreeRTOS/Source/tasks.o
 .text.prvAddCurrentTaskToDelayedList
                0x0000000008003c78       0xcc Middlewares/Third_Party/FreeRTOS/Source/tasks.o
 .text.pxPortInitialiseStack
                0x0000000008003d44       0x68 Middlewares/Third_Party/FreeRTOS/Source/portable/GCC/ARM_CM4F/port.o
                0x0000000008003d44                pxPortInitialiseStack
 .text.prvTaskExitError
                0x0000000008003dac       0x54 Middlewares/Third_Party/FreeRTOS/Source/portable/GCC/ARM_CM4F/port.o
 .text.SVC_Handler
                0x0000000008003e00       0x28 Middlewares/Third_Party/FreeRTOS/Source/portable/GCC/ARM_CM4F/port.o
                0x0000000008003e00                SVC_Handler
 .text.prvPortStartFirstTask
                0x0000000008003e28       0x28 Middlewares/Third_Party/FreeRTOS/Source/portable/GCC/ARM_CM4F/port.o
 .text.xPortStartScheduler
                0x0000000008003e50      0x13c Middlewares/Third_Party/FreeRTOS/Source/portable/GCC/ARM_CM4F/port.o
                0x0000000008003e50                xPortStartScheduler
 .text.vPortEnterCritical
                0x0000000008003f8c       0x5c Middlewares/Third_Party/FreeRTOS/Source/portable/GCC/ARM_CM4F/port.o
                0x0000000008003f8c                vPortEnterCritical
 .text.vPortExitCritical
                0x0000000008003fe8       0x50 Middlewares/Third_Party/FreeRTOS/Source/portable/GCC/ARM_CM4F/port.o
                0x0000000008003fe8                vPortExitCritical
 *fill*         0x0000000008004038        0x8 
 .text.PendSV_Handler
                0x0000000008004040       0x68 Middlewares/Third_Party/FreeRTOS/Source/portable/GCC/ARM_CM4F/port.o
                0x0000000008004040                PendSV_Handler
 .text.SysTick_Handler
                0x00000000080040a8       0x40 Middlewares/Third_Party/FreeRTOS/Source/portable/GCC/ARM_CM4F/port.o
                0x00000000080040a8                SysTick_Handler
 .text.vPortSetupTimerInterrupt
                0x00000000080040e8       0x48 Middlewares/Third_Party/FreeRTOS/Source/portable/GCC/ARM_CM4F/port.o
                0x00000000080040e8                vPortSetupTimerInterrupt
 .text.vPortEnableVFP
                0x0000000008004130       0x14 Middlewares/Third_Party/FreeRTOS/Source/portable/GCC/ARM_CM4F/port.o
 .text.pvPortMalloc
                0x0000000008004144      0x184 Middlewares/Third_Party/FreeRTOS/Source/portable/MemMang/heap_4.o
                0x0000000008004144                pvPortMalloc
 .text.vPortFree
                0x00000000080042c8       0xb0 Middlewares/Third_Party/FreeRTOS/Source/portable/MemMang/heap_4.o
                0x00000000080042c8                vPortFree
 .text.prvHeapInit
                0x0000000008004378       0xc4 Middlewares/Third_Party/FreeRTOS/Source/portable/MemMang/heap_4.o
 .text.prvInsertBlockIntoFreeList
                0x000000000800443c       0xb4 Middlewares/Third_Party/FreeRTOS/Source/portable/MemMang/heap_4.o
 .text.WIZCHIP_WRITE
                0x00000000080044f0       0x5c Middlewares/Third_Party/ioLibrary_Driver/Ethernet/W5100/w5100.o
                0x00000000080044f0                WIZCHIP_WRITE
 .text.WIZCHIP_READ
                0x000000000800454c       0x5c Middlewares/Third_Party/ioLibrary_Driver/Ethernet/W5100/w5100.o
                0x000000000800454c                WIZCHIP_READ
 .text.WIZCHIP_WRITE_BUF
                0x00000000080045a8       0x9c Middlewares/Third_Party/ioLibrary_Driver/Ethernet/W5100/w5100.o
                0x00000000080045a8                WIZCHIP_WRITE_BUF
 .text.WIZCHIP_READ_BUF
                0x0000000008004644       0x9c Middlewares/Third_Party/ioLibrary_Driver/Ethernet/W5100/w5100.o
                0x0000000008004644                WIZCHIP_READ_BUF
 .text.getSn_TX_FSR
                0x00000000080046e0       0x86 Middlewares/Third_Party/ioLibrary_Driver/Ethernet/W5100/w5100.o
                0x00000000080046e0                getSn_TX_FSR
 .text.getSn_RX_RSR
                0x0000000008004766       0x86 Middlewares/Third_Party/ioLibrary_Driver/Ethernet/W5100/w5100.o
                0x0000000008004766                getSn_RX_RSR
 .text.getSn_RxBASE
                0x00000000080047ec       0x6c Middlewares/Third_Party/ioLibrary_Driver/Ethernet/W5100/w5100.o
                0x00000000080047ec                getSn_RxBASE
 .text.getSn_TxBASE
                0x0000000008004858       0x6c Middlewares/Third_Party/ioLibrary_Driver/Ethernet/W5100/w5100.o
                0x0000000008004858                getSn_TxBASE
 .text.wiz_send_data
                0x00000000080048c4      0x172 Middlewares/Third_Party/ioLibrary_Driver/Ethernet/W5100/w5100.o
                0x00000000080048c4                wiz_send_data
 .text.wiz_recv_data
                0x0000000008004a36      0x16c Middlewares/Third_Party/ioLibrary_Driver/Ethernet/W5100/w5100.o
                0x0000000008004a36                wiz_recv_data
 .text.wiz_recv_ignore
                0x0000000008004ba2       0x7c Middlewares/Third_Party/ioLibrary_Driver/Ethernet/W5100/w5100.o
                0x0000000008004ba2                wiz_recv_ignore
 *fill*         0x0000000008004c1e        0x2 
 .text.socket   0x0000000008004c20      0x210 Middlewares/Third_Party/ioLibrary_Driver/Ethernet/socket.o
                0x0000000008004c20                socket
 .text.close    0x0000000008004e30       0xcc Middlewares/Third_Party/ioLibrary_Driver/Ethernet/socket.o
                0x0000000008004e30                close
 .text.connect  0x0000000008004efc      0x18c Middlewares/Third_Party/ioLibrary_Driver/Ethernet/socket.o
                0x0000000008004efc                connect
 .text.disconnect
                0x0000000008005088       0xdc Middlewares/Third_Party/ioLibrary_Driver/Ethernet/socket.o
                0x0000000008005088                disconnect
 .text.send     0x0000000008005164      0x1e8 Middlewares/Third_Party/ioLibrary_Driver/Ethernet/socket.o
                0x0000000008005164                send
 .text.recv     0x000000000800534c      0x184 Middlewares/Third_Party/ioLibrary_Driver/Ethernet/socket.o
                0x000000000800534c                recv
 .text.sendto   0x00000000080054d0      0x2ac Middlewares/Third_Party/ioLibrary_Driver/Ethernet/socket.o
                0x00000000080054d0                sendto
 .text.recvfrom
                0x000000000800577c      0x3bc Middlewares/Third_Party/ioLibrary_Driver/Ethernet/socket.o
                0x000000000800577c                recvfrom
 .text.wizchip_cris_enter
                0x0000000008005b38        0xe Middlewares/Third_Party/ioLibrary_Driver/Ethernet/wizchip_conf.o
                0x0000000008005b38                wizchip_cris_enter
 .text.wizchip_cris_exit
                0x0000000008005b46        0xe Middlewares/Third_Party/ioLibrary_Driver/Ethernet/wizchip_conf.o
                0x0000000008005b46                wizchip_cris_exit
 .text.wizchip_cs_select
                0x0000000008005b54        0xe Middlewares/Third_Party/ioLibrary_Driver/Ethernet/wizchip_conf.o
                0x0000000008005b54                wizchip_cs_select
 .text.wizchip_cs_deselect
                0x0000000008005b62        0xe Middlewares/Third_Party/ioLibrary_Driver/Ethernet/wizchip_conf.o
                0x0000000008005b62                wizchip_cs_deselect
 .text.wizchip_bus_readdata
                0x0000000008005b70       0x1a Middlewares/Third_Party/ioLibrary_Driver/Ethernet/wizchip_conf.o
                0x0000000008005b70                wizchip_bus_readdata
 .text.wizchip_bus_writedata
                0x0000000008005b8a       0x1e Middlewares/Third_Party/ioLibrary_Driver/Ethernet/wizchip_conf.o
                0x0000000008005b8a                wizchip_bus_writedata
 .text.wizchip_spi_readbyte
                0x0000000008005ba8       0x10 Middlewares/Third_Party/ioLibrary_Driver/Ethernet/wizchip_conf.o
                0x0000000008005ba8                wizchip_spi_readbyte
 .text.wizchip_spi_writebyte
                0x0000000008005bb8       0x16 Middlewares/Third_Party/ioLibrary_Driver/Ethernet/wizchip_conf.o
                0x0000000008005bb8                wizchip_spi_writebyte
 *fill*         0x0000000008005bce        0x2 
 .text.reg_wizchip_cs_cbfunc
                0x0000000008005bd0       0x48 Middlewares/Third_Party/ioLibrary_Driver/Ethernet/wizchip_conf.o
                0x0000000008005bd0                reg_wizchip_cs_cbfunc
 .text.reg_wizchip_spi_cbfunc
                0x0000000008005c18       0x58 Middlewares/Third_Party/ioLibrary_Driver/Ethernet/wizchip_conf.o
                0x0000000008005c18                reg_wizchip_spi_cbfunc
 .text.wizchip_sw_reset
                0x0000000008005c70       0x88 Middlewares/Third_Party/ioLibrary_Driver/Ethernet/wizchip_conf.o
                0x0000000008005c70                wizchip_sw_reset
 .text.wizchip_init
                0x0000000008005cf8      0x1c4 Middlewares/Third_Party/ioLibrary_Driver/Ethernet/wizchip_conf.o
                0x0000000008005cf8                wizchip_init
 .text.wizchip_setnetinfo
                0x0000000008005ebc       0x78 Middlewares/Third_Party/ioLibrary_Driver/Ethernet/wizchip_conf.o
                0x0000000008005ebc                wizchip_setnetinfo
 .text.default_ip_assign
                0x0000000008005f34       0x34 Middlewares/Third_Party/ioLibrary_Driver/Internet/DHCP/dhcp.o
                0x0000000008005f34                default_ip_assign
 .text.default_ip_update
                0x0000000008005f68       0x28 Middlewares/Third_Party/ioLibrary_Driver/Internet/DHCP/dhcp.o
                0x0000000008005f68                default_ip_update
 .text.default_ip_conflict
                0x0000000008005f90       0x24 Middlewares/Third_Party/ioLibrary_Driver/Internet/DHCP/dhcp.o
                0x0000000008005f90                default_ip_conflict
 .text.reg_dhcp_cbfunc
                0x0000000008005fb4       0x68 Middlewares/Third_Party/ioLibrary_Driver/Internet/DHCP/dhcp.o
                0x0000000008005fb4                reg_dhcp_cbfunc
 .text.makeDHCPMSG
                0x000000000800601c      0x1e8 Middlewares/Third_Party/ioLibrary_Driver/Internet/DHCP/dhcp.o
                0x000000000800601c                makeDHCPMSG
 .text.send_DHCP_DISCOVER
                0x0000000008006204      0x390 Middlewares/Third_Party/ioLibrary_Driver/Internet/DHCP/dhcp.o
                0x0000000008006204                send_DHCP_DISCOVER
 .text.send_DHCP_REQUEST
                0x0000000008006594      0x518 Middlewares/Third_Party/ioLibrary_Driver/Internet/DHCP/dhcp.o
                0x0000000008006594                send_DHCP_REQUEST
 .text.send_DHCP_DECLINE
                0x0000000008006aac      0x2a4 Middlewares/Third_Party/ioLibrary_Driver/Internet/DHCP/dhcp.o
                0x0000000008006aac                send_DHCP_DECLINE
 .text.parseDHCPMSG
                0x0000000008006d50      0x374 Middlewares/Third_Party/ioLibrary_Driver/Internet/DHCP/dhcp.o
                0x0000000008006d50                parseDHCPMSG
 .text.DHCP_run
                0x00000000080070c4      0x230 Middlewares/Third_Party/ioLibrary_Driver/Internet/DHCP/dhcp.o
                0x00000000080070c4                DHCP_run
 .text.check_DHCP_timeout
                0x00000000080072f4       0xb4 Middlewares/Third_Party/ioLibrary_Driver/Internet/DHCP/dhcp.o
                0x00000000080072f4                check_DHCP_timeout
 .text.check_DHCP_leasedIP
                0x00000000080073a8       0x78 Middlewares/Third_Party/ioLibrary_Driver/Internet/DHCP/dhcp.o
                0x00000000080073a8                check_DHCP_leasedIP
 .text.DHCP_init
                0x0000000008007420      0x120 Middlewares/Third_Party/ioLibrary_Driver/Internet/DHCP/dhcp.o
                0x0000000008007420                DHCP_init
 .text.reset_DHCP_timeout
                0x0000000008007540       0x2c Middlewares/Third_Party/ioLibrary_Driver/Internet/DHCP/dhcp.o
                0x0000000008007540                reset_DHCP_timeout
 .text.getIPfromDHCP
                0x000000000800756c       0x40 Middlewares/Third_Party/ioLibrary_Driver/Internet/DHCP/dhcp.o
                0x000000000800756c                getIPfromDHCP
 .text.getGWfromDHCP
                0x00000000080075ac       0x40 Middlewares/Third_Party/ioLibrary_Driver/Internet/DHCP/dhcp.o
                0x00000000080075ac                getGWfromDHCP
 .text.getSNfromDHCP
                0x00000000080075ec       0x40 Middlewares/Third_Party/ioLibrary_Driver/Internet/DHCP/dhcp.o
                0x00000000080075ec                getSNfromDHCP
 .text.NibbleToHex
                0x000000000800762c       0x32 Middlewares/Third_Party/ioLibrary_Driver/Internet/DHCP/dhcp.o
                0x000000000800762c                NibbleToHex
 *fill*         0x000000000800765e        0x2 
 .text.__errno  0x0000000008007660        0xc c:/st/stm32cubeide_1.2.0/stm32cubeide/plugins/com.st.stm32cube.ide.mcu.externaltools.gnu-tools-for-stm32.7-2018-q2-update.win32_1.0.0.201904181610/tools/bin/../lib/gcc/arm-none-eabi/7.3.1/../../../../arm-none-eabi/lib/thumb/v7e-m/fpv4-sp/hard\libc_nano.a(lib_a-errno.o)
                0x0000000008007660                __errno
 .text.__libc_init_array
                0x000000000800766c       0x48 c:/st/stm32cubeide_1.2.0/stm32cubeide/plugins/com.st.stm32cube.ide.mcu.externaltools.gnu-tools-for-stm32.7-2018-q2-update.win32_1.0.0.201904181610/tools/bin/../lib/gcc/arm-none-eabi/7.3.1/../../../../arm-none-eabi/lib/thumb/v7e-m/fpv4-sp/hard\libc_nano.a(lib_a-init.o)
                0x000000000800766c                __libc_init_array
 .text.memset   0x00000000080076b4       0x10 c:/st/stm32cubeide_1.2.0/stm32cubeide/plugins/com.st.stm32cube.ide.mcu.externaltools.gnu-tools-for-stm32.7-2018-q2-update.win32_1.0.0.201904181610/tools/bin/../lib/gcc/arm-none-eabi/7.3.1/../../../../arm-none-eabi/lib/thumb/v7e-m/fpv4-sp/hard\libc_nano.a(lib_a-memset.o)
                0x00000000080076b4                memset
 .text._free_r  0x00000000080076c4       0x9c c:/st/stm32cubeide_1.2.0/stm32cubeide/plugins/com.st.stm32cube.ide.mcu.externaltools.gnu-tools-for-stm32.7-2018-q2-update.win32_1.0.0.201904181610/tools/bin/../lib/gcc/arm-none-eabi/7.3.1/../../../../arm-none-eabi/lib/thumb/v7e-m/fpv4-sp/hard\libc_nano.a(lib_a-nano-freer.o)
                0x00000000080076c4                _free_r
 .text._malloc_r
                0x0000000008007760       0xb4 c:/st/stm32cubeide_1.2.0/stm32cubeide/plugins/com.st.stm32cube.ide.mcu.externaltools.gnu-tools-for-stm32.7-2018-q2-update.win32_1.0.0.201904181610/tools/bin/../lib/gcc/arm-none-eabi/7.3.1/../../../../arm-none-eabi/lib/thumb/v7e-m/fpv4-sp/hard\libc_nano.a(lib_a-nano-mallocr.o)
                0x0000000008007760                _malloc_r
 .text.printf   0x0000000008007814       0x30 c:/st/stm32cubeide_1.2.0/stm32cubeide/plugins/com.st.stm32cube.ide.mcu.externaltools.gnu-tools-for-stm32.7-2018-q2-update.win32_1.0.0.201904181610/tools/bin/../lib/gcc/arm-none-eabi/7.3.1/../../../../arm-none-eabi/lib/thumb/v7e-m/fpv4-sp/hard\libc_nano.a(lib_a-printf.o)
                0x0000000008007814                iprintf
                0x0000000008007814                printf
 .text._puts_r  0x0000000008007844       0xb8 c:/st/stm32cubeide_1.2.0/stm32cubeide/plugins/com.st.stm32cube.ide.mcu.externaltools.gnu-tools-for-stm32.7-2018-q2-update.win32_1.0.0.201904181610/tools/bin/../lib/gcc/arm-none-eabi/7.3.1/../../../../arm-none-eabi/lib/thumb/v7e-m/fpv4-sp/hard\libc_nano.a(lib_a-puts.o)
                0x0000000008007844                _puts_r
 .text.puts     0x00000000080078fc       0x10 c:/st/stm32cubeide_1.2.0/stm32cubeide/plugins/com.st.stm32cube.ide.mcu.externaltools.gnu-tools-for-stm32.7-2018-q2-update.win32_1.0.0.201904181610/tools/bin/../lib/gcc/arm-none-eabi/7.3.1/../../../../arm-none-eabi/lib/thumb/v7e-m/fpv4-sp/hard\libc_nano.a(lib_a-puts.o)
                0x00000000080078fc                puts
 .text._sbrk_r  0x000000000800790c       0x20 c:/st/stm32cubeide_1.2.0/stm32cubeide/plugins/com.st.stm32cube.ide.mcu.externaltools.gnu-tools-for-stm32.7-2018-q2-update.win32_1.0.0.201904181610/tools/bin/../lib/gcc/arm-none-eabi/7.3.1/../../../../arm-none-eabi/lib/thumb/v7e-m/fpv4-sp/hard\libc_nano.a(lib_a-sbrkr.o)
                0x000000000800790c                _sbrk_r
 .text.__sread  0x000000000800792c       0x22 c:/st/stm32cubeide_1.2.0/stm32cubeide/plugins/com.st.stm32cube.ide.mcu.externaltools.gnu-tools-for-stm32.7-2018-q2-update.win32_1.0.0.201904181610/tools/bin/../lib/gcc/arm-none-eabi/7.3.1/../../../../arm-none-eabi/lib/thumb/v7e-m/fpv4-sp/hard\libc_nano.a(lib_a-stdio.o)
                0x000000000800792c                __sread
 .text.__swrite
                0x000000000800794e       0x38 c:/st/stm32cubeide_1.2.0/stm32cubeide/plugins/com.st.stm32cube.ide.mcu.externaltools.gnu-tools-for-stm32.7-2018-q2-update.win32_1.0.0.201904181610/tools/bin/../lib/gcc/arm-none-eabi/7.3.1/../../../../arm-none-eabi/lib/thumb/v7e-m/fpv4-sp/hard\libc_nano.a(lib_a-stdio.o)
                0x000000000800794e                __swrite
 .text.__sseek  0x0000000008007986       0x24 c:/st/stm32cubeide_1.2.0/stm32cubeide/plugins/com.st.stm32cube.ide.mcu.externaltools.gnu-tools-for-stm32.7-2018-q2-update.win32_1.0.0.201904181610/tools/bin/../lib/gcc/arm-none-eabi/7.3.1/../../../../arm-none-eabi/lib/thumb/v7e-m/fpv4-sp/hard\libc_nano.a(lib_a-stdio.o)
                0x0000000008007986                __sseek
 .text.__sclose
                0x00000000080079aa        0x8 c:/st/stm32cubeide_1.2.0/stm32cubeide/plugins/com.st.stm32cube.ide.mcu.externaltools.gnu-tools-for-stm32.7-2018-q2-update.win32_1.0.0.201904181610/tools/bin/../lib/gcc/arm-none-eabi/7.3.1/../../../../arm-none-eabi/lib/thumb/v7e-m/fpv4-sp/hard\libc_nano.a(lib_a-stdio.o)
                0x00000000080079aa                __sclose
 *fill*         0x00000000080079b2        0x2 
 .text.__swbuf_r
                0x00000000080079b4       0xa4 c:/st/stm32cubeide_1.2.0/stm32cubeide/plugins/com.st.stm32cube.ide.mcu.externaltools.gnu-tools-for-stm32.7-2018-q2-update.win32_1.0.0.201904181610/tools/bin/../lib/gcc/arm-none-eabi/7.3.1/../../../../arm-none-eabi/lib/thumb/v7e-m/fpv4-sp/hard\libc_nano.a(lib_a-wbuf.o)
                0x00000000080079b4                __swbuf_r
 .text._write_r
                0x0000000008007a58       0x24 c:/st/stm32cubeide_1.2.0/stm32cubeide/plugins/com.st.stm32cube.ide.mcu.externaltools.gnu-tools-for-stm32.7-2018-q2-update.win32_1.0.0.201904181610/tools/bin/../lib/gcc/arm-none-eabi/7.3.1/../../../../arm-none-eabi/lib/thumb/v7e-m/fpv4-sp/hard\libc_nano.a(lib_a-writer.o)
                0x0000000008007a58                _write_r
 .text.__swsetup_r
                0x0000000008007a7c       0xdc c:/st/stm32cubeide_1.2.0/stm32cubeide/plugins/com.st.stm32cube.ide.mcu.externaltools.gnu-tools-for-stm32.7-2018-q2-update.win32_1.0.0.201904181610/tools/bin/../lib/gcc/arm-none-eabi/7.3.1/../../../../arm-none-eabi/lib/thumb/v7e-m/fpv4-sp/hard\libc_nano.a(lib_a-wsetup.o)
                0x0000000008007a7c                __swsetup_r
 .text._close_r
                0x0000000008007b58       0x20 c:/st/stm32cubeide_1.2.0/stm32cubeide/plugins/com.st.stm32cube.ide.mcu.externaltools.gnu-tools-for-stm32.7-2018-q2-update.win32_1.0.0.201904181610/tools/bin/../lib/gcc/arm-none-eabi/7.3.1/../../../../arm-none-eabi/lib/thumb/v7e-m/fpv4-sp/hard\libc_nano.a(lib_a-closer.o)
                0x0000000008007b58                _close_r
 .text.__sflush_r
                0x0000000008007b78      0x10c c:/st/stm32cubeide_1.2.0/stm32cubeide/plugins/com.st.stm32cube.ide.mcu.externaltools.gnu-tools-for-stm32.7-2018-q2-update.win32_1.0.0.201904181610/tools/bin/../lib/gcc/arm-none-eabi/7.3.1/../../../../arm-none-eabi/lib/thumb/v7e-m/fpv4-sp/hard\libc_nano.a(lib_a-fflush.o)
                0x0000000008007b78                __sflush_r
 .text._fflush_r
                0x0000000008007c84       0x54 c:/st/stm32cubeide_1.2.0/stm32cubeide/plugins/com.st.stm32cube.ide.mcu.externaltools.gnu-tools-for-stm32.7-2018-q2-update.win32_1.0.0.201904181610/tools/bin/../lib/gcc/arm-none-eabi/7.3.1/../../../../arm-none-eabi/lib/thumb/v7e-m/fpv4-sp/hard\libc_nano.a(lib_a-fflush.o)
                0x0000000008007c84                _fflush_r
 .text.std      0x0000000008007cd8       0x48 c:/st/stm32cubeide_1.2.0/stm32cubeide/plugins/com.st.stm32cube.ide.mcu.externaltools.gnu-tools-for-stm32.7-2018-q2-update.win32_1.0.0.201904181610/tools/bin/../lib/gcc/arm-none-eabi/7.3.1/../../../../arm-none-eabi/lib/thumb/v7e-m/fpv4-sp/hard\libc_nano.a(lib_a-findfp.o)
 .text._cleanup_r
                0x0000000008007d20        0xc c:/st/stm32cubeide_1.2.0/stm32cubeide/plugins/com.st.stm32cube.ide.mcu.externaltools.gnu-tools-for-stm32.7-2018-q2-update.win32_1.0.0.201904181610/tools/bin/../lib/gcc/arm-none-eabi/7.3.1/../../../../arm-none-eabi/lib/thumb/v7e-m/fpv4-sp/hard\libc_nano.a(lib_a-findfp.o)
                0x0000000008007d20                _cleanup_r
 .text.__sfmoreglue
                0x0000000008007d2c       0x2c c:/st/stm32cubeide_1.2.0/stm32cubeide/plugins/com.st.stm32cube.ide.mcu.externaltools.gnu-tools-for-stm32.7-2018-q2-update.win32_1.0.0.201904181610/tools/bin/../lib/gcc/arm-none-eabi/7.3.1/../../../../arm-none-eabi/lib/thumb/v7e-m/fpv4-sp/hard\libc_nano.a(lib_a-findfp.o)
                0x0000000008007d2c                __sfmoreglue
 .text.__sinit  0x0000000008007d58       0x60 c:/st/stm32cubeide_1.2.0/stm32cubeide/plugins/com.st.stm32cube.ide.mcu.externaltools.gnu-tools-for-stm32.7-2018-q2-update.win32_1.0.0.201904181610/tools/bin/../lib/gcc/arm-none-eabi/7.3.1/../../../../arm-none-eabi/lib/thumb/v7e-m/fpv4-sp/hard\libc_nano.a(lib_a-findfp.o)
                0x0000000008007d58                __sinit
 .text.__sfp    0x0000000008007db8       0x78 c:/st/stm32cubeide_1.2.0/stm32cubeide/plugins/com.st.stm32cube.ide.mcu.externaltools.gnu-tools-for-stm32.7-2018-q2-update.win32_1.0.0.201904181610/tools/bin/../lib/gcc/arm-none-eabi/7.3.1/../../../../arm-none-eabi/lib/thumb/v7e-m/fpv4-sp/hard\libc_nano.a(lib_a-findfp.o)
                0x0000000008007db8                __sfp
 .text._fwalk_reent
                0x0000000008007e30       0x3c c:/st/stm32cubeide_1.2.0/stm32cubeide/plugins/com.st.stm32cube.ide.mcu.externaltools.gnu-tools-for-stm32.7-2018-q2-update.win32_1.0.0.201904181610/tools/bin/../lib/gcc/arm-none-eabi/7.3.1/../../../../arm-none-eabi/lib/thumb/v7e-m/fpv4-sp/hard\libc_nano.a(lib_a-fwalk.o)
                0x0000000008007e30                _fwalk_reent
 .text._lseek_r
                0x0000000008007e6c       0x24 c:/st/stm32cubeide_1.2.0/stm32cubeide/plugins/com.st.stm32cube.ide.mcu.externaltools.gnu-tools-for-stm32.7-2018-q2-update.win32_1.0.0.201904181610/tools/bin/../lib/gcc/arm-none-eabi/7.3.1/../../../../arm-none-eabi/lib/thumb/v7e-m/fpv4-sp/hard\libc_nano.a(lib_a-lseekr.o)
                0x0000000008007e6c                _lseek_r
 .text.__swhatbuf_r
                0x0000000008007e90       0x48 c:/st/stm32cubeide_1.2.0/stm32cubeide/plugins/com.st.stm32cube.ide.mcu.externaltools.gnu-tools-for-stm32.7-2018-q2-update.win32_1.0.0.201904181610/tools/bin/../lib/gcc/arm-none-eabi/7.3.1/../../../../arm-none-eabi/lib/thumb/v7e-m/fpv4-sp/hard\libc_nano.a(lib_a-makebuf.o)
                0x0000000008007e90                __swhatbuf_r
 .text.__smakebuf_r
                0x0000000008007ed8       0x80 c:/st/stm32cubeide_1.2.0/stm32cubeide/plugins/com.st.stm32cube.ide.mcu.externaltools.gnu-tools-for-stm32.7-2018-q2-update.win32_1.0.0.201904181610/tools/bin/../lib/gcc/arm-none-eabi/7.3.1/../../../../arm-none-eabi/lib/thumb/v7e-m/fpv4-sp/hard\libc_nano.a(lib_a-makebuf.o)
                0x0000000008007ed8                __smakebuf_r
 .text.__malloc_lock
                0x0000000008007f58        0x2 c:/st/stm32cubeide_1.2.0/stm32cubeide/plugins/com.st.stm32cube.ide.mcu.externaltools.gnu-tools-for-stm32.7-2018-q2-update.win32_1.0.0.201904181610/tools/bin/../lib/gcc/arm-none-eabi/7.3.1/../../../../arm-none-eabi/lib/thumb/v7e-m/fpv4-sp/hard\libc_nano.a(lib_a-mlock.o)
                0x0000000008007f58                __malloc_lock
 .text.__malloc_unlock
                0x0000000008007f5a        0x2 c:/st/stm32cubeide_1.2.0/stm32cubeide/plugins/com.st.stm32cube.ide.mcu.externaltools.gnu-tools-for-stm32.7-2018-q2-update.win32_1.0.0.201904181610/tools/bin/../lib/gcc/arm-none-eabi/7.3.1/../../../../arm-none-eabi/lib/thumb/v7e-m/fpv4-sp/hard\libc_nano.a(lib_a-mlock.o)
                0x0000000008007f5a                __malloc_unlock
 .text.__sfputc_r
                0x0000000008007f5c       0x2e c:/st/stm32cubeide_1.2.0/stm32cubeide/plugins/com.st.stm32cube.ide.mcu.externaltools.gnu-tools-for-stm32.7-2018-q2-update.win32_1.0.0.201904181610/tools/bin/../lib/gcc/arm-none-eabi/7.3.1/../../../../arm-none-eabi/lib/thumb/v7e-m/fpv4-sp/hard\libc_nano.a(lib_a-nano-vfprintf.o)
 .text.__sfputs_r
                0x0000000008007f8a       0x24 c:/st/stm32cubeide_1.2.0/stm32cubeide/plugins/com.st.stm32cube.ide.mcu.externaltools.gnu-tools-for-stm32.7-2018-q2-update.win32_1.0.0.201904181610/tools/bin/../lib/gcc/arm-none-eabi/7.3.1/../../../../arm-none-eabi/lib/thumb/v7e-m/fpv4-sp/hard\libc_nano.a(lib_a-nano-vfprintf.o)
                0x0000000008007f8a                __sfputs_r
 *fill*         0x0000000008007fae        0x2 
 .text._vfprintf_r
                0x0000000008007fb0      0x22c c:/st/stm32cubeide_1.2.0/stm32cubeide/plugins/com.st.stm32cube.ide.mcu.externaltools.gnu-tools-for-stm32.7-2018-q2-update.win32_1.0.0.201904181610/tools/bin/../lib/gcc/arm-none-eabi/7.3.1/../../../../arm-none-eabi/lib/thumb/v7e-m/fpv4-sp/hard\libc_nano.a(lib_a-nano-vfprintf.o)
                0x0000000008007fb0                _vfprintf_r
                0x0000000008007fb0                _vfiprintf_r
 .text._printf_common
                0x00000000080081dc       0xea c:/st/stm32cubeide_1.2.0/stm32cubeide/plugins/com.st.stm32cube.ide.mcu.externaltools.gnu-tools-for-stm32.7-2018-q2-update.win32_1.0.0.201904181610/tools/bin/../lib/gcc/arm-none-eabi/7.3.1/../../../../arm-none-eabi/lib/thumb/v7e-m/fpv4-sp/hard\libc_nano.a(lib_a-nano-vfprintf_i.o)
                0x00000000080081dc                _printf_common
 *fill*         0x00000000080082c6        0x2 
 .text._printf_i
                0x00000000080082c8      0x224 c:/st/stm32cubeide_1.2.0/stm32cubeide/plugins/com.st.stm32cube.ide.mcu.externaltools.gnu-tools-for-stm32.7-2018-q2-update.win32_1.0.0.201904181610/tools/bin/../lib/gcc/arm-none-eabi/7.3.1/../../../../arm-none-eabi/lib/thumb/v7e-m/fpv4-sp/hard\libc_nano.a(lib_a-nano-vfprintf_i.o)
                0x00000000080082c8                _printf_i
 .text._read_r  0x00000000080084ec       0x24 c:/st/stm32cubeide_1.2.0/stm32cubeide/plugins/com.st.stm32cube.ide.mcu.externaltools.gnu-tools-for-stm32.7-2018-q2-update.win32_1.0.0.201904181610/tools/bin/../lib/gcc/arm-none-eabi/7.3.1/../../../../arm-none-eabi/lib/thumb/v7e-m/fpv4-sp/hard\libc_nano.a(lib_a-readr.o)
                0x00000000080084ec                _read_r
 .text._fstat_r
                0x0000000008008510       0x24 c:/st/stm32cubeide_1.2.0/stm32cubeide/plugins/com.st.stm32cube.ide.mcu.externaltools.gnu-tools-for-stm32.7-2018-q2-update.win32_1.0.0.201904181610/tools/bin/../lib/gcc/arm-none-eabi/7.3.1/../../../../arm-none-eabi/lib/thumb/v7e-m/fpv4-sp/hard\libc_nano.a(lib_a-fstatr.o)
                0x0000000008008510                _fstat_r
 .text._isatty_r
                0x0000000008008534       0x20 c:/st/stm32cubeide_1.2.0/stm32cubeide/plugins/com.st.stm32cube.ide.mcu.externaltools.gnu-tools-for-stm32.7-2018-q2-update.win32_1.0.0.201904181610/tools/bin/../lib/gcc/arm-none-eabi/7.3.1/../../../../arm-none-eabi/lib/thumb/v7e-m/fpv4-sp/hard\libc_nano.a(lib_a-isattyr.o)
                0x0000000008008534                _isatty_r
 *(.glue_7)
 .glue_7        0x0000000008008554        0x0 linker stubs
 *(.glue_7t)
 .glue_7t       0x0000000008008554        0x0 linker stubs
 *(.eh_frame)
 .eh_frame      0x0000000008008554        0x0 c:/st/stm32cubeide_1.2.0/stm32cubeide/plugins/com.st.stm32cube.ide.mcu.externaltools.gnu-tools-for-stm32.7-2018-q2-update.win32_1.0.0.201904181610/tools/bin/../lib/gcc/arm-none-eabi/7.3.1/thumb/v7e-m/fpv4-sp/hard/crtbegin.o
 *(.init)
 .init          0x0000000008008554        0x4 c:/st/stm32cubeide_1.2.0/stm32cubeide/plugins/com.st.stm32cube.ide.mcu.externaltools.gnu-tools-for-stm32.7-2018-q2-update.win32_1.0.0.201904181610/tools/bin/../lib/gcc/arm-none-eabi/7.3.1/thumb/v7e-m/fpv4-sp/hard/crti.o
                0x0000000008008554                _init
 .init          0x0000000008008558        0x8 c:/st/stm32cubeide_1.2.0/stm32cubeide/plugins/com.st.stm32cube.ide.mcu.externaltools.gnu-tools-for-stm32.7-2018-q2-update.win32_1.0.0.201904181610/tools/bin/../lib/gcc/arm-none-eabi/7.3.1/thumb/v7e-m/fpv4-sp/hard/crtn.o
 *(.fini)
 .fini          0x0000000008008560        0x4 c:/st/stm32cubeide_1.2.0/stm32cubeide/plugins/com.st.stm32cube.ide.mcu.externaltools.gnu-tools-for-stm32.7-2018-q2-update.win32_1.0.0.201904181610/tools/bin/../lib/gcc/arm-none-eabi/7.3.1/thumb/v7e-m/fpv4-sp/hard/crti.o
                0x0000000008008560                _fini
 .fini          0x0000000008008564        0x8 c:/st/stm32cubeide_1.2.0/stm32cubeide/plugins/com.st.stm32cube.ide.mcu.externaltools.gnu-tools-for-stm32.7-2018-q2-update.win32_1.0.0.201904181610/tools/bin/../lib/gcc/arm-none-eabi/7.3.1/thumb/v7e-m/fpv4-sp/hard/crtn.o
                0x000000000800856c                . = ALIGN (0x4)
                0x000000000800856c                _etext = .

.vfp11_veneer   0x000000000800856c        0x0
 .vfp11_veneer  0x000000000800856c        0x0 linker stubs

.v4_bx          0x000000000800856c        0x0
 .v4_bx         0x000000000800856c        0x0 linker stubs

.iplt           0x000000000800856c        0x0
 .iplt          0x000000000800856c        0x0 c:/st/stm32cubeide_1.2.0/stm32cubeide/plugins/com.st.stm32cube.ide.mcu.externaltools.gnu-tools-for-stm32.7-2018-q2-update.win32_1.0.0.201904181610/tools/bin/../lib/gcc/arm-none-eabi/7.3.1/thumb/v7e-m/fpv4-sp/hard/crtbegin.o

.rodata         0x000000000800856c      0x240
                0x000000000800856c                . = ALIGN (0x4)
 *(.rodata)
 .rodata        0x000000000800856c       0x58 Core/Src/freertos.o
 .rodata        0x00000000080085c4       0x31 Core/Src/main.o
 *fill*         0x00000000080085f5        0x3 
 .rodata        0x00000000080085f8       0xdf Core/Src/tcpclient.o
 *fill*         0x00000000080086d7        0x1 
 .rodata        0x00000000080086d8        0x5 Middlewares/Third_Party/FreeRTOS/Source/tasks.o
 *fill*         0x00000000080086dd        0x3 
 .rodata        0x00000000080086e0        0x5 Middlewares/Third_Party/ioLibrary_Driver/Ethernet/socket.o
 *fill*         0x00000000080086e5        0x3 
 .rodata        0x00000000080086e8       0x12 Middlewares/Third_Party/ioLibrary_Driver/Internet/DHCP/dhcp.o
 *(.rodata*)
 *fill*         0x00000000080086fa        0x2 
 .rodata.AHBPrescTable
                0x00000000080086fc       0x10 Core/Src/system_stm32f4xx.o
                0x00000000080086fc                AHBPrescTable
 .rodata.APBPrescTable
                0x000000000800870c        0x8 Core/Src/system_stm32f4xx.o
                0x000000000800870c                APBPrescTable
 .rodata._global_impure_ptr
                0x0000000008008714        0x4 c:/st/stm32cubeide_1.2.0/stm32cubeide/plugins/com.st.stm32cube.ide.mcu.externaltools.gnu-tools-for-stm32.7-2018-q2-update.win32_1.0.0.201904181610/tools/bin/../lib/gcc/arm-none-eabi/7.3.1/../../../../arm-none-eabi/lib/thumb/v7e-m/fpv4-sp/hard\libc_nano.a(lib_a-impure.o)
                0x0000000008008714                _global_impure_ptr
 .rodata.__sf_fake_stderr
                0x0000000008008718       0x20 c:/st/stm32cubeide_1.2.0/stm32cubeide/plugins/com.st.stm32cube.ide.mcu.externaltools.gnu-tools-for-stm32.7-2018-q2-update.win32_1.0.0.201904181610/tools/bin/../lib/gcc/arm-none-eabi/7.3.1/../../../../arm-none-eabi/lib/thumb/v7e-m/fpv4-sp/hard\libc_nano.a(lib_a-findfp.o)
                0x0000000008008718                __sf_fake_stderr
 .rodata.__sf_fake_stdin
                0x0000000008008738       0x20 c:/st/stm32cubeide_1.2.0/stm32cubeide/plugins/com.st.stm32cube.ide.mcu.externaltools.gnu-tools-for-stm32.7-2018-q2-update.win32_1.0.0.201904181610/tools/bin/../lib/gcc/arm-none-eabi/7.3.1/../../../../arm-none-eabi/lib/thumb/v7e-m/fpv4-sp/hard\libc_nano.a(lib_a-findfp.o)
                0x0000000008008738                __sf_fake_stdin
 .rodata.__sf_fake_stdout
                0x0000000008008758       0x20 c:/st/stm32cubeide_1.2.0/stm32cubeide/plugins/com.st.stm32cube.ide.mcu.externaltools.gnu-tools-for-stm32.7-2018-q2-update.win32_1.0.0.201904181610/tools/bin/../lib/gcc/arm-none-eabi/7.3.1/../../../../arm-none-eabi/lib/thumb/v7e-m/fpv4-sp/hard\libc_nano.a(lib_a-findfp.o)
                0x0000000008008758                __sf_fake_stdout
 .rodata._vfprintf_r.str1.1
                0x0000000008008778       0x11 c:/st/stm32cubeide_1.2.0/stm32cubeide/plugins/com.st.stm32cube.ide.mcu.externaltools.gnu-tools-for-stm32.7-2018-q2-update.win32_1.0.0.201904181610/tools/bin/../lib/gcc/arm-none-eabi/7.3.1/../../../../arm-none-eabi/lib/thumb/v7e-m/fpv4-sp/hard\libc_nano.a(lib_a-nano-vfprintf.o)
 .rodata._printf_i.str1.1
                0x0000000008008789       0x22 c:/st/stm32cubeide_1.2.0/stm32cubeide/plugins/com.st.stm32cube.ide.mcu.externaltools.gnu-tools-for-stm32.7-2018-q2-update.win32_1.0.0.201904181610/tools/bin/../lib/gcc/arm-none-eabi/7.3.1/../../../../arm-none-eabi/lib/thumb/v7e-m/fpv4-sp/hard\libc_nano.a(lib_a-nano-vfprintf_i.o)
                0x00000000080087ac                . = ALIGN (0x4)
 *fill*         0x00000000080087ab        0x1 

.ARM.extab      0x00000000080087ac        0x0
                0x00000000080087ac                . = ALIGN (0x4)
 *(.ARM.extab* .gnu.linkonce.armextab.*)
                0x00000000080087ac                . = ALIGN (0x4)

.ARM            0x00000000080087ac        0x8
                0x00000000080087ac                . = ALIGN (0x4)
                0x00000000080087ac                __exidx_start = .
 *(.ARM.exidx*)
 .ARM.exidx     0x00000000080087ac        0x8 c:/st/stm32cubeide_1.2.0/stm32cubeide/plugins/com.st.stm32cube.ide.mcu.externaltools.gnu-tools-for-stm32.7-2018-q2-update.win32_1.0.0.201904181610/tools/bin/../lib/gcc/arm-none-eabi/7.3.1/thumb/v7e-m/fpv4-sp/hard\libgcc.a(_udivmoddi4.o)
                0x00000000080087b4                __exidx_end = .
                0x00000000080087b4                . = ALIGN (0x4)

.rel.dyn        0x00000000080087b4        0x0
 .rel.iplt      0x00000000080087b4        0x0 c:/st/stm32cubeide_1.2.0/stm32cubeide/plugins/com.st.stm32cube.ide.mcu.externaltools.gnu-tools-for-stm32.7-2018-q2-update.win32_1.0.0.201904181610/tools/bin/../lib/gcc/arm-none-eabi/7.3.1/thumb/v7e-m/fpv4-sp/hard/crtbegin.o

.preinit_array  0x00000000080087b4        0x0
                0x00000000080087b4                . = ALIGN (0x4)
                0x00000000080087b4                PROVIDE (__preinit_array_start = .)
 *(.preinit_array*)
                0x00000000080087b4                PROVIDE (__preinit_array_end = .)
                0x00000000080087b4                . = ALIGN (0x4)

.init_array     0x00000000080087b4        0x4
                0x00000000080087b4                . = ALIGN (0x4)
                0x00000000080087b4                PROVIDE (__init_array_start = .)
 *(SORT_BY_NAME(.init_array.*))
 *(.init_array*)
 .init_array    0x00000000080087b4        0x4 c:/st/stm32cubeide_1.2.0/stm32cubeide/plugins/com.st.stm32cube.ide.mcu.externaltools.gnu-tools-for-stm32.7-2018-q2-update.win32_1.0.0.201904181610/tools/bin/../lib/gcc/arm-none-eabi/7.3.1/thumb/v7e-m/fpv4-sp/hard/crtbegin.o
                0x00000000080087b8                PROVIDE (__init_array_end = .)
                0x00000000080087b8                . = ALIGN (0x4)

.fini_array     0x00000000080087b8        0x4
                0x00000000080087b8                . = ALIGN (0x4)
                [!provide]                        PROVIDE (__fini_array_start = .)
 *(SORT_BY_NAME(.fini_array.*))
 *(.fini_array*)
 .fini_array    0x00000000080087b8        0x4 c:/st/stm32cubeide_1.2.0/stm32cubeide/plugins/com.st.stm32cube.ide.mcu.externaltools.gnu-tools-for-stm32.7-2018-q2-update.win32_1.0.0.201904181610/tools/bin/../lib/gcc/arm-none-eabi/7.3.1/thumb/v7e-m/fpv4-sp/hard/crtbegin.o
                [!provide]                        PROVIDE (__fini_array_end = .)
                0x00000000080087bc                . = ALIGN (0x4)
                0x00000000080087bc                _sidata = LOADADDR (.data)

.data           0x0000000020000000       0xc8 load address 0x00000000080087bc
                0x0000000020000000                . = ALIGN (0x4)
                0x0000000020000000                _sdata = .
 *(.data)
 *(.data*)
 .data.SystemCoreClock
                0x0000000020000000        0x4 Core/Src/system_stm32f4xx.o
                0x0000000020000000                SystemCoreClock
 .data.serverIP
                0x0000000020000004        0x4 Core/Src/tcpclient.o
 .data.buff_size
                0x0000000020000008        0x4 Core/Src/tcpclient.o
                0x0000000020000008                buff_size
 .data.uwTickPrio
                0x000000002000000c        0x4 Drivers/STM32F4xx_HAL_Driver/Src/stm32f4xx_hal.o
                0x000000002000000c                uwTickPrio
 .data.uwTickFreq
                0x0000000020000010        0x1 Drivers/STM32F4xx_HAL_Driver/Src/stm32f4xx_hal.o
                0x0000000020000010                uwTickFreq
 *fill*         0x0000000020000011        0x3 
 .data.uxCriticalNesting
                0x0000000020000014        0x4 Middlewares/Third_Party/FreeRTOS/Source/portable/GCC/ARM_CM4F/port.o
 .data.sock_any_port
                0x0000000020000018        0x2 Middlewares/Third_Party/ioLibrary_Driver/Ethernet/socket.o
 *fill*         0x000000002000001a        0x2 
 .data.WIZCHIP  0x000000002000001c       0x2c Middlewares/Third_Party/ioLibrary_Driver/Ethernet/wizchip_conf.o
                0x000000002000001c                WIZCHIP
 .data.dhcp_lease_time
                0x0000000020000048        0x4 Middlewares/Third_Party/ioLibrary_Driver/Internet/DHCP/dhcp.o
                0x0000000020000048                dhcp_lease_time
 .data.dhcp_tick_next
                0x000000002000004c        0x4 Middlewares/Third_Party/ioLibrary_Driver/Internet/DHCP/dhcp.o
                0x000000002000004c                dhcp_tick_next
 .data.HOST_NAME
                0x0000000020000050        0x8 Middlewares/Third_Party/ioLibrary_Driver/Internet/DHCP/dhcp.o
                0x0000000020000050                HOST_NAME
 .data.dhcp_ip_assign
                0x0000000020000058        0x4 Middlewares/Third_Party/ioLibrary_Driver/Internet/DHCP/dhcp.o
                0x0000000020000058                dhcp_ip_assign
 .data.dhcp_ip_update
                0x000000002000005c        0x4 Middlewares/Third_Party/ioLibrary_Driver/Internet/DHCP/dhcp.o
                0x000000002000005c                dhcp_ip_update
 .data.dhcp_ip_conflict
                0x0000000020000060        0x4 Middlewares/Third_Party/ioLibrary_Driver/Internet/DHCP/dhcp.o
                0x0000000020000060                dhcp_ip_conflict
 .data._impure_ptr
                0x0000000020000064        0x4 c:/st/stm32cubeide_1.2.0/stm32cubeide/plugins/com.st.stm32cube.ide.mcu.externaltools.gnu-tools-for-stm32.7-2018-q2-update.win32_1.0.0.201904181610/tools/bin/../lib/gcc/arm-none-eabi/7.3.1/../../../../arm-none-eabi/lib/thumb/v7e-m/fpv4-sp/hard\libc_nano.a(lib_a-impure.o)
                0x0000000020000064                _impure_ptr
 .data.impure_data
                0x0000000020000068       0x60 c:/st/stm32cubeide_1.2.0/stm32cubeide/plugins/com.st.stm32cube.ide.mcu.externaltools.gnu-tools-for-stm32.7-2018-q2-update.win32_1.0.0.201904181610/tools/bin/../lib/gcc/arm-none-eabi/7.3.1/../../../../arm-none-eabi/lib/thumb/v7e-m/fpv4-sp/hard\libc_nano.a(lib_a-impure.o)
                0x00000000200000c8                . = ALIGN (0x4)
                0x00000000200000c8                _edata = .

.igot.plt       0x00000000200000c8        0x0 load address 0x0000000008008884
 .igot.plt      0x00000000200000c8        0x0 c:/st/stm32cubeide_1.2.0/stm32cubeide/plugins/com.st.stm32cube.ide.mcu.externaltools.gnu-tools-for-stm32.7-2018-q2-update.win32_1.0.0.201904181610/tools/bin/../lib/gcc/arm-none-eabi/7.3.1/thumb/v7e-m/fpv4-sp/hard/crtbegin.o
                0x00000000200000c8                . = ALIGN (0x4)

.bss            0x00000000200000c8     0x8ac4 load address 0x0000000008008884
                0x00000000200000c8                _sbss = .
                0x00000000200000c8                __bss_start__ = _sbss
 *(.bss)
 .bss           0x00000000200000c8       0x1c c:/st/stm32cubeide_1.2.0/stm32cubeide/plugins/com.st.stm32cube.ide.mcu.externaltools.gnu-tools-for-stm32.7-2018-q2-update.win32_1.0.0.201904181610/tools/bin/../lib/gcc/arm-none-eabi/7.3.1/thumb/v7e-m/fpv4-sp/hard/crtbegin.o
 *(.bss*)
 .bss.xIdleTaskTCBBuffer
                0x00000000200000e4       0x54 Core/Src/freertos.o
 .bss.xIdleStack
                0x0000000020000138      0x400 Core/Src/freertos.o
 .bss.heap_end.6424
                0x0000000020000538        0x4 Core/Src/sysmem.o
 .bss.isIPAddrAssigned
                0x000000002000053c        0x1 Core/Src/tcpclient.o
 *fill*         0x000000002000053d        0x3 
 .bss.pxCurrentTCB
                0x0000000020000540        0x4 Middlewares/Third_Party/FreeRTOS/Source/tasks.o
                0x0000000020000540                pxCurrentTCB
 .bss.pxReadyTasksLists
                0x0000000020000544       0x8c Middlewares/Third_Party/FreeRTOS/Source/tasks.o
 .bss.xDelayedTaskList1
                0x00000000200005d0       0x14 Middlewares/Third_Party/FreeRTOS/Source/tasks.o
 .bss.xDelayedTaskList2
                0x00000000200005e4       0x14 Middlewares/Third_Party/FreeRTOS/Source/tasks.o
 .bss.pxDelayedTaskList
                0x00000000200005f8        0x4 Middlewares/Third_Party/FreeRTOS/Source/tasks.o
 .bss.pxOverflowDelayedTaskList
                0x00000000200005fc        0x4 Middlewares/Third_Party/FreeRTOS/Source/tasks.o
 .bss.xPendingReadyList
                0x0000000020000600       0x14 Middlewares/Third_Party/FreeRTOS/Source/tasks.o
 .bss.xTasksWaitingTermination
                0x0000000020000614       0x14 Middlewares/Third_Party/FreeRTOS/Source/tasks.o
 .bss.uxDeletedTasksWaitingCleanUp
                0x0000000020000628        0x4 Middlewares/Third_Party/FreeRTOS/Source/tasks.o
 .bss.xSuspendedTaskList
                0x000000002000062c       0x14 Middlewares/Third_Party/FreeRTOS/Source/tasks.o
 .bss.uxCurrentNumberOfTasks
                0x0000000020000640        0x4 Middlewares/Third_Party/FreeRTOS/Source/tasks.o
 .bss.xTickCount
                0x0000000020000644        0x4 Middlewares/Third_Party/FreeRTOS/Source/tasks.o
 .bss.uxTopReadyPriority
                0x0000000020000648        0x4 Middlewares/Third_Party/FreeRTOS/Source/tasks.o
 .bss.xSchedulerRunning
                0x000000002000064c        0x4 Middlewares/Third_Party/FreeRTOS/Source/tasks.o
 .bss.uxPendedTicks
                0x0000000020000650        0x4 Middlewares/Third_Party/FreeRTOS/Source/tasks.o
 .bss.xYieldPending
                0x0000000020000654        0x4 Middlewares/Third_Party/FreeRTOS/Source/tasks.o
 .bss.xNumOfOverflows
                0x0000000020000658        0x4 Middlewares/Third_Party/FreeRTOS/Source/tasks.o
 .bss.uxTaskNumber
                0x000000002000065c        0x4 Middlewares/Third_Party/FreeRTOS/Source/tasks.o
 .bss.xNextTaskUnblockTime
                0x0000000020000660        0x4 Middlewares/Third_Party/FreeRTOS/Source/tasks.o
 .bss.xIdleTaskHandle
                0x0000000020000664        0x4 Middlewares/Third_Party/FreeRTOS/Source/tasks.o
 .bss.uxSchedulerSuspended
                0x0000000020000668        0x4 Middlewares/Third_Party/FreeRTOS/Source/tasks.o
 .bss.ucMaxSysCallPriority
                0x000000002000066c        0x1 Middlewares/Third_Party/FreeRTOS/Source/portable/GCC/ARM_CM4F/port.o
 *fill*         0x000000002000066d        0x3 
 .bss.ulMaxPRIGROUPValue
                0x0000000020000670        0x4 Middlewares/Third_Party/FreeRTOS/Source/portable/GCC/ARM_CM4F/port.o
 .bss.ucHeap    0x0000000020000674     0x8000 Middlewares/Third_Party/FreeRTOS/Source/portable/MemMang/heap_4.o
 .bss.xStart    0x0000000020008674        0x8 Middlewares/Third_Party/FreeRTOS/Source/portable/MemMang/heap_4.o
 .bss.pxEnd     0x000000002000867c        0x4 Middlewares/Third_Party/FreeRTOS/Source/portable/MemMang/heap_4.o
 .bss.xFreeBytesRemaining
                0x0000000020008680        0x4 Middlewares/Third_Party/FreeRTOS/Source/portable/MemMang/heap_4.o
 .bss.xMinimumEverFreeBytesRemaining
                0x0000000020008684        0x4 Middlewares/Third_Party/FreeRTOS/Source/portable/MemMang/heap_4.o
 .bss.xBlockAllocatedBit
                0x0000000020008688        0x4 Middlewares/Third_Party/FreeRTOS/Source/portable/MemMang/heap_4.o
 .bss.sock_io_mode
                0x000000002000868c        0x2 Middlewares/Third_Party/ioLibrary_Driver/Ethernet/socket.o
 .bss.sock_is_sending
                0x000000002000868e        0x2 Middlewares/Third_Party/ioLibrary_Driver/Ethernet/socket.o
 .bss.sock_remained_size
                0x0000000020008690        0x8 Middlewares/Third_Party/ioLibrary_Driver/Ethernet/socket.o
 .bss.sock_pack_info
                0x0000000020008698        0x4 Middlewares/Third_Party/ioLibrary_Driver/Ethernet/socket.o
                0x0000000020008698                sock_pack_info
 .bss._DNS_     0x000000002000869c        0x4 Middlewares/Third_Party/ioLibrary_Driver/Ethernet/wizchip_conf.o
 .bss._DHCP_    0x00000000200086a0        0x1 Middlewares/Third_Party/ioLibrary_Driver/Ethernet/wizchip_conf.o
 *fill*         0x00000000200086a1        0x3 
 .bss.OLD_allocated_ip
                0x00000000200086a4        0x4 Middlewares/Third_Party/ioLibrary_Driver/Internet/DHCP/dhcp.o
                0x00000000200086a4                OLD_allocated_ip
 .bss.DHCP_allocated_ip
                0x00000000200086a8        0x4 Middlewares/Third_Party/ioLibrary_Driver/Internet/DHCP/dhcp.o
                0x00000000200086a8                DHCP_allocated_ip
 .bss.DHCP_allocated_gw
                0x00000000200086ac        0x4 Middlewares/Third_Party/ioLibrary_Driver/Internet/DHCP/dhcp.o
                0x00000000200086ac                DHCP_allocated_gw
 .bss.DHCP_allocated_sn
                0x00000000200086b0        0x4 Middlewares/Third_Party/ioLibrary_Driver/Internet/DHCP/dhcp.o
                0x00000000200086b0                DHCP_allocated_sn
 .bss.DHCP_allocated_dns
                0x00000000200086b4        0x4 Middlewares/Third_Party/ioLibrary_Driver/Internet/DHCP/dhcp.o
                0x00000000200086b4                DHCP_allocated_dns
 .bss.dhcp_state
                0x00000000200086b8        0x1 Middlewares/Third_Party/ioLibrary_Driver/Internet/DHCP/dhcp.o
                0x00000000200086b8                dhcp_state
 .bss.dhcp_retry_count
                0x00000000200086b9        0x1 Middlewares/Third_Party/ioLibrary_Driver/Internet/DHCP/dhcp.o
                0x00000000200086b9                dhcp_retry_count
 *fill*         0x00000000200086ba        0x2 
 .bss.dhcp_tick_1s
                0x00000000200086bc        0x4 Middlewares/Third_Party/ioLibrary_Driver/Internet/DHCP/dhcp.o
                0x00000000200086bc                dhcp_tick_1s
 .bss.__malloc_free_list
                0x00000000200086c0        0x4 c:/st/stm32cubeide_1.2.0/stm32cubeide/plugins/com.st.stm32cube.ide.mcu.externaltools.gnu-tools-for-stm32.7-2018-q2-update.win32_1.0.0.201904181610/tools/bin/../lib/gcc/arm-none-eabi/7.3.1/../../../../arm-none-eabi/lib/thumb/v7e-m/fpv4-sp/hard\libc_nano.a(lib_a-nano-mallocr.o)
                0x00000000200086c0                __malloc_free_list
 .bss.__malloc_sbrk_start
                0x00000000200086c4        0x4 c:/st/stm32cubeide_1.2.0/stm32cubeide/plugins/com.st.stm32cube.ide.mcu.externaltools.gnu-tools-for-stm32.7-2018-q2-update.win32_1.0.0.201904181610/tools/bin/../lib/gcc/arm-none-eabi/7.3.1/../../../../arm-none-eabi/lib/thumb/v7e-m/fpv4-sp/hard\libc_nano.a(lib_a-nano-mallocr.o)
                0x00000000200086c4                __malloc_sbrk_start
 *(COMMON)
 COMMON         0x00000000200086c8        0x8 Core/Src/freertos.o
                0x00000000200086c8                defaultTaskHandle
                0x00000000200086cc                wizTcpClientTaskHandle
 COMMON         0x00000000200086d0       0x58 Core/Src/spi.o
                0x00000000200086d0                hspi1
 COMMON         0x0000000020008728       0x40 Core/Src/stm32f4xx_hal_timebase_tim.o
                0x0000000020008728                htim6
 COMMON         0x0000000020008768      0x400 Core/Src/tcpclient.o
                0x0000000020008768                dhcp_buffer
 COMMON         0x0000000020008b68        0x4 Drivers/STM32F4xx_HAL_Driver/Src/stm32f4xx_hal.o
                0x0000000020008b68                uwTick
 COMMON         0x0000000020008b6c       0x19 Middlewares/Third_Party/ioLibrary_Driver/Internet/DHCP/dhcp.o
                0x0000000020008b6c                DHCP_CHADDR
                0x0000000020008b74                DHCP_XID
                0x0000000020008b78                DHCP_REAL_SIP
                0x0000000020008b7c                DHCP_SIP
                0x0000000020008b80                pDHCPMSG
                0x0000000020008b84                DHCP_SOCKET
 *fill*         0x0000000020008b85        0x3 
 COMMON         0x0000000020008b88        0x4 c:/st/stm32cubeide_1.2.0/stm32cubeide/plugins/com.st.stm32cube.ide.mcu.externaltools.gnu-tools-for-stm32.7-2018-q2-update.win32_1.0.0.201904181610/tools/bin/../lib/gcc/arm-none-eabi/7.3.1/../../../../arm-none-eabi/lib/thumb/v7e-m/fpv4-sp/hard\libc_nano.a(lib_a-reent.o)
                0x0000000020008b88                errno
                0x0000000020008b8c                . = ALIGN (0x4)
                0x0000000020008b8c                _ebss = .
                0x0000000020008b8c                __bss_end__ = _ebss

._user_heap_stack
                0x0000000020008b8c      0xa04 load address 0x0000000008008884
                0x0000000020008b90                . = ALIGN (0x8)
 *fill*         0x0000000020008b8c        0x4 
                0x0000000020008b90                PROVIDE (end = .)
                [!provide]                        PROVIDE (_end = .)
                0x0000000020008d90                . = (. + _Min_Heap_Size)
 *fill*         0x0000000020008b90      0x200 
                0x0000000020009590                . = (. + _Min_Stack_Size)
 *fill*         0x0000000020008d90      0x800 
                0x0000000020009590                . = ALIGN (0x8)

/DISCARD/
 libc.a(*)
 libm.a(*)
 libgcc.a(*)

.ARM.attributes
                0x0000000000000000       0x30
 *(.ARM.attributes)
 .ARM.attributes
                0x0000000000000000       0x22 c:/st/stm32cubeide_1.2.0/stm32cubeide/plugins/com.st.stm32cube.ide.mcu.externaltools.gnu-tools-for-stm32.7-2018-q2-update.win32_1.0.0.201904181610/tools/bin/../lib/gcc/arm-none-eabi/7.3.1/thumb/v7e-m/fpv4-sp/hard/crti.o
 .ARM.attributes
                0x0000000000000022       0x34 c:/st/stm32cubeide_1.2.0/stm32cubeide/plugins/com.st.stm32cube.ide.mcu.externaltools.gnu-tools-for-stm32.7-2018-q2-update.win32_1.0.0.201904181610/tools/bin/../lib/gcc/arm-none-eabi/7.3.1/thumb/v7e-m/fpv4-sp/hard/crtbegin.o
 .ARM.attributes
                0x0000000000000056       0x39 Core/Src/freertos.o
 .ARM.attributes
                0x000000000000008f       0x39 Core/Src/gpio.o
 .ARM.attributes
                0x00000000000000c8       0x39 Core/Src/main.o
 .ARM.attributes
                0x0000000000000101       0x39 Core/Src/spi.o
 .ARM.attributes
                0x000000000000013a       0x39 Core/Src/stm32f4xx_hal_msp.o
 .ARM.attributes
                0x0000000000000173       0x39 Core/Src/stm32f4xx_hal_timebase_tim.o
 .ARM.attributes
                0x00000000000001ac       0x39 Core/Src/stm32f4xx_it.o
 .ARM.attributes
                0x00000000000001e5       0x39 Core/Src/syscalls.o
 .ARM.attributes
                0x000000000000021e       0x39 Core/Src/sysmem.o
 .ARM.attributes
                0x0000000000000257       0x39 Core/Src/system_stm32f4xx.o
 .ARM.attributes
                0x0000000000000290       0x39 Core/Src/tcpclient.o
 .ARM.attributes
                0x00000000000002c9       0x39 Core/Src/wizInterface.o
 .ARM.attributes
                0x0000000000000302       0x21 Core/Startup/startup_stm32f429zitx.o
 .ARM.attributes
                0x0000000000000323       0x39 Drivers/STM32F4xx_HAL_Driver/Src/stm32f4xx_hal.o
 .ARM.attributes
                0x000000000000035c       0x39 Drivers/STM32F4xx_HAL_Driver/Src/stm32f4xx_hal_cortex.o
 .ARM.attributes
                0x0000000000000395       0x39 Drivers/STM32F4xx_HAL_Driver/Src/stm32f4xx_hal_gpio.o
 .ARM.attributes
                0x00000000000003ce       0x39 Drivers/STM32F4xx_HAL_Driver/Src/stm32f4xx_hal_rcc.o
 .ARM.attributes
                0x0000000000000407       0x39 Drivers/STM32F4xx_HAL_Driver/Src/stm32f4xx_hal_spi.o
 .ARM.attributes
                0x0000000000000440       0x39 Drivers/STM32F4xx_HAL_Driver/Src/stm32f4xx_hal_tim.o
 .ARM.attributes
                0x0000000000000479       0x39 Drivers/STM32F4xx_HAL_Driver/Src/stm32f4xx_hal_tim_ex.o
 .ARM.attributes
                0x00000000000004b2       0x39 Middlewares/Third_Party/FreeRTOS/Source/CMSIS_RTOS/cmsis_os.o
 .ARM.attributes
                0x00000000000004eb       0x39 Middlewares/Third_Party/FreeRTOS/Source/list.o
 .ARM.attributes
                0x0000000000000524       0x39 Middlewares/Third_Party/FreeRTOS/Source/tasks.o
 .ARM.attributes
                0x000000000000055d       0x39 Middlewares/Third_Party/FreeRTOS/Source/portable/GCC/ARM_CM4F/port.o
 .ARM.attributes
                0x0000000000000596       0x39 Middlewares/Third_Party/FreeRTOS/Source/portable/MemMang/heap_4.o
 .ARM.attributes
                0x00000000000005cf       0x39 Middlewares/Third_Party/ioLibrary_Driver/Ethernet/W5100/w5100.o
 .ARM.attributes
                0x0000000000000608       0x39 Middlewares/Third_Party/ioLibrary_Driver/Ethernet/socket.o
 .ARM.attributes
                0x0000000000000641       0x39 Middlewares/Third_Party/ioLibrary_Driver/Ethernet/wizchip_conf.o
 .ARM.attributes
                0x000000000000067a       0x39 Middlewares/Third_Party/ioLibrary_Driver/Internet/DHCP/dhcp.o
 .ARM.attributes
                0x00000000000006b3       0x34 c:/st/stm32cubeide_1.2.0/stm32cubeide/plugins/com.st.stm32cube.ide.mcu.externaltools.gnu-tools-for-stm32.7-2018-q2-update.win32_1.0.0.201904181610/tools/bin/../lib/gcc/arm-none-eabi/7.3.1/../../../../arm-none-eabi/lib/thumb/v7e-m/fpv4-sp/hard\libc_nano.a(lib_a-errno.o)
 .ARM.attributes
                0x00000000000006e7       0x34 c:/st/stm32cubeide_1.2.0/stm32cubeide/plugins/com.st.stm32cube.ide.mcu.externaltools.gnu-tools-for-stm32.7-2018-q2-update.win32_1.0.0.201904181610/tools/bin/../lib/gcc/arm-none-eabi/7.3.1/../../../../arm-none-eabi/lib/thumb/v7e-m/fpv4-sp/hard\libc_nano.a(lib_a-impure.o)
 .ARM.attributes
                0x000000000000071b       0x34 c:/st/stm32cubeide_1.2.0/stm32cubeide/plugins/com.st.stm32cube.ide.mcu.externaltools.gnu-tools-for-stm32.7-2018-q2-update.win32_1.0.0.201904181610/tools/bin/../lib/gcc/arm-none-eabi/7.3.1/../../../../arm-none-eabi/lib/thumb/v7e-m/fpv4-sp/hard\libc_nano.a(lib_a-init.o)
 .ARM.attributes
                0x000000000000074f       0x34 c:/st/stm32cubeide_1.2.0/stm32cubeide/plugins/com.st.stm32cube.ide.mcu.externaltools.gnu-tools-for-stm32.7-2018-q2-update.win32_1.0.0.201904181610/tools/bin/../lib/gcc/arm-none-eabi/7.3.1/../../../../arm-none-eabi/lib/thumb/v7e-m/fpv4-sp/hard\libc_nano.a(lib_a-memset.o)
 .ARM.attributes
                0x0000000000000783       0x34 c:/st/stm32cubeide_1.2.0/stm32cubeide/plugins/com.st.stm32cube.ide.mcu.externaltools.gnu-tools-for-stm32.7-2018-q2-update.win32_1.0.0.201904181610/tools/bin/../lib/gcc/arm-none-eabi/7.3.1/../../../../arm-none-eabi/lib/thumb/v7e-m/fpv4-sp/hard\libc_nano.a(lib_a-nano-freer.o)
 .ARM.attributes
                0x00000000000007b7       0x34 c:/st/stm32cubeide_1.2.0/stm32cubeide/plugins/com.st.stm32cube.ide.mcu.externaltools.gnu-tools-for-stm32.7-2018-q2-update.win32_1.0.0.201904181610/tools/bin/../lib/gcc/arm-none-eabi/7.3.1/../../../../arm-none-eabi/lib/thumb/v7e-m/fpv4-sp/hard\libc_nano.a(lib_a-nano-mallocr.o)
 .ARM.attributes
                0x00000000000007eb       0x34 c:/st/stm32cubeide_1.2.0/stm32cubeide/plugins/com.st.stm32cube.ide.mcu.externaltools.gnu-tools-for-stm32.7-2018-q2-update.win32_1.0.0.201904181610/tools/bin/../lib/gcc/arm-none-eabi/7.3.1/../../../../arm-none-eabi/lib/thumb/v7e-m/fpv4-sp/hard\libc_nano.a(lib_a-printf.o)
 .ARM.attributes
                0x000000000000081f       0x34 c:/st/stm32cubeide_1.2.0/stm32cubeide/plugins/com.st.stm32cube.ide.mcu.externaltools.gnu-tools-for-stm32.7-2018-q2-update.win32_1.0.0.201904181610/tools/bin/../lib/gcc/arm-none-eabi/7.3.1/../../../../arm-none-eabi/lib/thumb/v7e-m/fpv4-sp/hard\libc_nano.a(lib_a-puts.o)
 .ARM.attributes
                0x0000000000000853       0x34 c:/st/stm32cubeide_1.2.0/stm32cubeide/plugins/com.st.stm32cube.ide.mcu.externaltools.gnu-tools-for-stm32.7-2018-q2-update.win32_1.0.0.201904181610/tools/bin/../lib/gcc/arm-none-eabi/7.3.1/../../../../arm-none-eabi/lib/thumb/v7e-m/fpv4-sp/hard\libc_nano.a(lib_a-sbrkr.o)
 .ARM.attributes
                0x0000000000000887       0x34 c:/st/stm32cubeide_1.2.0/stm32cubeide/plugins/com.st.stm32cube.ide.mcu.externaltools.gnu-tools-for-stm32.7-2018-q2-update.win32_1.0.0.201904181610/tools/bin/../lib/gcc/arm-none-eabi/7.3.1/../../../../arm-none-eabi/lib/thumb/v7e-m/fpv4-sp/hard\libc_nano.a(lib_a-stdio.o)
 .ARM.attributes
                0x00000000000008bb       0x34 c:/st/stm32cubeide_1.2.0/stm32cubeide/plugins/com.st.stm32cube.ide.mcu.externaltools.gnu-tools-for-stm32.7-2018-q2-update.win32_1.0.0.201904181610/tools/bin/../lib/gcc/arm-none-eabi/7.3.1/../../../../arm-none-eabi/lib/thumb/v7e-m/fpv4-sp/hard\libc_nano.a(lib_a-wbuf.o)
 .ARM.attributes
                0x00000000000008ef       0x34 c:/st/stm32cubeide_1.2.0/stm32cubeide/plugins/com.st.stm32cube.ide.mcu.externaltools.gnu-tools-for-stm32.7-2018-q2-update.win32_1.0.0.201904181610/tools/bin/../lib/gcc/arm-none-eabi/7.3.1/../../../../arm-none-eabi/lib/thumb/v7e-m/fpv4-sp/hard\libc_nano.a(lib_a-writer.o)
 .ARM.attributes
                0x0000000000000923       0x34 c:/st/stm32cubeide_1.2.0/stm32cubeide/plugins/com.st.stm32cube.ide.mcu.externaltools.gnu-tools-for-stm32.7-2018-q2-update.win32_1.0.0.201904181610/tools/bin/../lib/gcc/arm-none-eabi/7.3.1/../../../../arm-none-eabi/lib/thumb/v7e-m/fpv4-sp/hard\libc_nano.a(lib_a-wsetup.o)
 .ARM.attributes
                0x0000000000000957       0x34 c:/st/stm32cubeide_1.2.0/stm32cubeide/plugins/com.st.stm32cube.ide.mcu.externaltools.gnu-tools-for-stm32.7-2018-q2-update.win32_1.0.0.201904181610/tools/bin/../lib/gcc/arm-none-eabi/7.3.1/../../../../arm-none-eabi/lib/thumb/v7e-m/fpv4-sp/hard\libc_nano.a(lib_a-closer.o)
 .ARM.attributes
                0x000000000000098b       0x34 c:/st/stm32cubeide_1.2.0/stm32cubeide/plugins/com.st.stm32cube.ide.mcu.externaltools.gnu-tools-for-stm32.7-2018-q2-update.win32_1.0.0.201904181610/tools/bin/../lib/gcc/arm-none-eabi/7.3.1/../../../../arm-none-eabi/lib/thumb/v7e-m/fpv4-sp/hard\libc_nano.a(lib_a-fflush.o)
 .ARM.attributes
                0x00000000000009bf       0x34 c:/st/stm32cubeide_1.2.0/stm32cubeide/plugins/com.st.stm32cube.ide.mcu.externaltools.gnu-tools-for-stm32.7-2018-q2-update.win32_1.0.0.201904181610/tools/bin/../lib/gcc/arm-none-eabi/7.3.1/../../../../arm-none-eabi/lib/thumb/v7e-m/fpv4-sp/hard\libc_nano.a(lib_a-findfp.o)
 .ARM.attributes
                0x00000000000009f3       0x34 c:/st/stm32cubeide_1.2.0/stm32cubeide/plugins/com.st.stm32cube.ide.mcu.externaltools.gnu-tools-for-stm32.7-2018-q2-update.win32_1.0.0.201904181610/tools/bin/../lib/gcc/arm-none-eabi/7.3.1/../../../../arm-none-eabi/lib/thumb/v7e-m/fpv4-sp/hard\libc_nano.a(lib_a-fwalk.o)
 .ARM.attributes
                0x0000000000000a27       0x34 c:/st/stm32cubeide_1.2.0/stm32cubeide/plugins/com.st.stm32cube.ide.mcu.externaltools.gnu-tools-for-stm32.7-2018-q2-update.win32_1.0.0.201904181610/tools/bin/../lib/gcc/arm-none-eabi/7.3.1/../../../../arm-none-eabi/lib/thumb/v7e-m/fpv4-sp/hard\libc_nano.a(lib_a-lseekr.o)
 .ARM.attributes