stm32f4xx_hal_eth.c:213:19:HAL_ETH_Init	40	static
stm32f4xx_hal_eth.c:497:19:HAL_ETH_DeInit	16	static
stm32f4xx_hal_eth.c:533:19:HAL_ETH_DMATxDescListInit	32	static
stm32f4xx_hal_eth.c:600:19:HAL_ETH_DMARxDescListInit	32	static
stm32f4xx_hal_eth.c:667:13:HAL_ETH_MspInit	16	static
stm32f4xx_hal_eth.c:682:13:HAL_ETH_MspDeInit	16	static
stm32f4xx_hal_eth.c:892:19:HAL_ETH_TransmitFrame	32	static
stm32f4xx_hal_eth.c:1005:19:HAL_ETH_GetReceivedFrame	24	static
stm32f4xx_hal_eth.c:1085:19:HAL_ETH_GetReceivedFrame_IT	24	static
stm32f4xx_hal_eth.c:1170:6:HAL_ETH_IRQHandler	16	static
stm32f4xx_hal_eth.c:1244:13:HAL_ETH_TxCpltCallback	16	static
stm32f4xx_hal_eth.c:1259:13:HAL_ETH_RxCpltCallback	16	static
stm32f4xx_hal_eth.c:1274:13:HAL_ETH_ErrorCallback	16	static
stm32f4xx_hal_eth.c:1295:19:HAL_ETH_ReadPHYRegister	32	static
stm32f4xx_hal_eth.c:1367:19:HAL_ETH_WritePHYRegister	32	static
stm32f4xx_hal_eth.c:1459:19:HAL_ETH_Start	16	static
stm32f4xx_hal_eth.c:1498:19:HAL_ETH_Stop	16	static
stm32f4xx_hal_eth.c:1538:19:HAL_ETH_ConfigMAC	24	static
stm32f4xx_hal_eth.c:1705:19:HAL_ETH_ConfigDMA	24	static
stm32f4xx_hal_eth.c:1812:22:HAL_ETH_GetState	16	static
stm32f4xx_hal_eth.c:1837:13:ETH_MACDMAConfig	200	static
stm32f4xx_hal_eth.c:2100:13:ETH_MACAddressConfig	32	static
stm32f4xx_hal_eth.c:2127:13:ETH_MACTransmissionEnable	24	static
stm32f4xx_hal_eth.c:2147:13:ETH_MACTransmissionDisable	24	static
stm32f4xx_hal_eth.c:2167:13:ETH_MACReceptionEnable	24	static
stm32f4xx_hal_eth.c:2187:13:ETH_MACReceptionDisable	24	static
stm32f4xx_hal_eth.c:2207:13:ETH_DMATransmissionEnable	16	static
stm32f4xx_hal_eth.c:2219:13:ETH_DMATransmissionDisable	16	static
stm32f4xx_hal_eth.c:2231:13:ETH_DMAReceptionEnable	16	static
stm32f4xx_hal_eth.c:2243:13:ETH_DMAReceptionDisable	16	static
stm32f4xx_hal_eth.c:2255:13:ETH_FlushTransmitFIFO	24	static
stm32f4xx_hal_eth.c:2274:13:ETH_Delay	24	static,ignoring_inline_asm
