dhcp.c:257:6:default_ip_assign	8	static
dhcp.c:265:6:default_ip_update	8	static
dhcp.c:275:6:default_ip_conflict	8	static
dhcp.c:284:6:reg_dhcp_cbfunc	24	static
dhcp.c:295:6:makeDHCPMSG	24	static
dhcp.c:354:6:send_DHCP_DISCOVER	32	static
dhcp.c:427:6:send_DHCP_REQUEST	40	static
dhcp.c:526:6:send_DHCP_DECLINE	32	static
dhcp.c:586:8:parseDHCPMSG	48	static
dhcp.c:706:9:DHCP_run	16	static
dhcp.c:836:9:DHCP_stop	8	static
dhcp.c:842:9:check_DHCP_timeout	16	static
dhcp.c:895:8:check_DHCP_leasedIP	24	static
dhcp.c:930:6:DHCP_init	24	static
dhcp.c:965:6:reset_DHCP_timeout	4	static
dhcp.c:972:6:DHCP_time_handler	4	static
dhcp.c:977:6:getIPfromDHCP	16	static
dhcp.c:985:6:getGWfromDHCP	16	static
dhcp.c:993:6:getSNfromDHCP	16	static
dhcp.c:1001:6:getDNSfromDHCP	16	static
dhcp.c:1009:10:getDHCPLeasetime	4	static
dhcp.c:1014:6:NibbleToHex	16	static
