tftp.c:56:13:set_filename	16	static
tftp.c:61:20:set_server_ip	16	static
tftp.c:66:24:get_server_ip	4	static
tftp.c:71:20:set_server_port	16	static
tftp.c:76:24:get_server_port	4	static
tftp.c:81:20:set_local_port	16	static
tftp.c:97:20:set_tftp_state	16	static
tftp.c:102:24:get_tftp_state	4	static
tftp.c:117:20:set_block_number	16	static
tftp.c:122:24:get_block_number	4	static
tftp.c:127:12:open_tftp_socket	24	static
tftp.c:144:12:send_udp_packet	40	static
tftp.c:159:12:recv_udp_packet	40	static
tftp.c:194:13:close_tftp_socket	16	static
tftp.c:200:13:init_tftp	8	static
tftp.c:218:13:tftp_cancel_timeout	4	static
tftp.c:226:13:tftp_reg_timeout	4	static
tftp.c:234:13:process_tftp_option	16	static
tftp.c:239:13:send_tftp_rrq	1568	static
tftp.c:327:13:send_tftp_ack	40	static
tftp.c:395:13:recv_tftp_rrq	16	static
tftp.c:400:13:recv_tftp_wrq	16	static
tftp.c:405:13:recv_tftp_data	32	static
tftp.c:459:13:recv_tftp_ack	16	static
tftp.c:479:13:recv_tftp_oack	16	static
tftp.c:509:13:recv_tftp_error	24	static
tftp.c:524:13:recv_tftp_packet	32	static
tftp.c:575:6:TFTP_init	16	static
tftp.c:583:6:TFTP_exit	8	static
tftp.c:593:5:TFTP_run	24	static
tftp.c:645:6:TFTP_read_request	16	static
tftp.c:656:6:tftp_timeout_handler	4	static
