ip4_frag.c:128:1:ip_reass_tmr	24	static
ip4_frag.c:164:1:ip_reass_free_complete_datagram	40	static
ip4_frag.c:227:1:ip_reass_remove_oldest_datagram	48	static
ip4_frag.c:278:1:ip_reass_enqueue_new_datagram	24	static
ip4_frag.c:317:1:ip_reass_dequeue_datagram	16	static
ip4_frag.c:344:1:ip_reass_chain_frag_into_datagram_and_validate	56	static
ip4_frag.c:503:1:ip4_reass	64	static
ip4_frag.c:699:1:ip_frag_alloc_pbuf_custom_ref	8	static
ip4_frag.c:706:1:ip_frag_free_pbuf_custom_ref	16	static
ip4_frag.c:715:1:ipfrag_free_pbuf_custom	24	static
ip4_frag.c:740:1:ip4_frag	88	static
