udp.c:87:1:udp_init	8	static
udp.c:100:1:udp_new_port	16	static
udp.c:130:1:udp_input_local_match	24	static
udp.c:194:1:udp_input	64	static
udp.c:467:1:udp_send	16	static
udp.c:520:1:udp_sendto	40	static
udp.c:624:1:udp_sendto_if	40	static
udp.c:699:1:udp_sendto_if_src	56	static
udp.c:932:1:udp_bind	32	static
udp.c:1042:1:udp_bind_netif	16	static
udp.c:1071:1:udp_connect	32	static
udp.c:1126:1:udp_disconnect	16	static
udp.c:1158:1:udp_recv	24	static
udp.c:1179:1:udp_remove	24	static
udp.c:1218:1:udp_new	16	static
udp.c:1255:1:udp_new_ip_type	24	static
udp.c:1278:6:udp_netif_ip_addr_changed	24	static
