sys_arch.c:50:7:sys_mbox_new	32	static
sys_arch.c:77:6:sys_mbox_free	16	static
sys_arch.c:104:6:sys_mbox_post	16	static
sys_arch.c:116:7:sys_mbox_trypost	24	static
sys_arch.c:143:7:sys_mbox_trypost_fromisr	16	static
sys_arch.c:164:7:sys_arch_mbox_fetch	56	static
sys_arch.c:213:7:sys_arch_mbox_tryfetch	32	static
sys_arch.c:235:5:sys_mbox_valid	16	static
sys_arch.c:243:6:sys_mbox_set_invalid	16	static
sys_arch.c:251:7:sys_sem_new	24	static
sys_arch.c:303:7:sys_arch_sem_wait	24	static
sys_arch.c:341:6:sys_sem_signal	16	static
sys_arch.c:348:6:sys_sem_free	16	static
sys_arch.c:357:5:sys_sem_valid	16	static
sys_arch.c:366:6:sys_sem_set_invalid	16	static
sys_arch.c:379:6:sys_init	8	static
sys_arch.c:393:7:sys_mutex_new	24	static
sys_arch.c:420:6:sys_mutex_free	16	static
sys_arch.c:430:6:sys_mutex_lock	16	static
sys_arch.c:441:6:sys_mutex_unlock	16	static
sys_arch.c:455:14:sys_thread_new	56	static
sys_arch.c:486:12:sys_arch_protect	8	static
sys_arch.c:506:6:sys_arch_unprotect	16	static
