mqtt.c:170:1:msg_generate_packet_id	16	static
mqtt.c:184:1:mqtt_ringbuf_put	16	static
mqtt.c:195:1:mqtt_ringbuf_get_ptr	16	static
mqtt.c:201:1:mqtt_ringbuf_advance_get_idx	16	static
mqtt.c:213:1:mqtt_ringbuf_len	24	static
mqtt.c:234:1:mqtt_output_send	32	static
mqtt.c:287:1:mqtt_create_request	32	static
mqtt.c:313:1:mqtt_append_request	32	static
mqtt.c:342:1:mqtt_delete_request	16	static
mqtt.c:356:1:mqtt_take_request	24	static
mqtt.c:391:1:mqtt_request_time_elapsed	24	static
mqtt.c:420:1:mqtt_clear_requests	24	static
mqtt.c:436:1:mqtt_init_requests	24	static
mqtt.c:451:1:mqtt_output_append_u8	16	static
mqtt.c:457:6:mqtt_output_append_u16	16	static
mqtt.c:464:1:mqtt_output_append_buf	32	static
mqtt.c:473:1:mqtt_output_append_string	32	static
mqtt.c:494:1:mqtt_output_append_fixed_header	16	static
mqtt.c:514:1:mqtt_output_check_space	32	static
mqtt.c:537:1:mqtt_close	24	static
mqtt.c:576:1:mqtt_cyclic_timer	32	static
mqtt.c:635:1:pub_ack_rec_rel_response	32	static
mqtt.c:656:1:mqtt_incomming_suback	16	static
mqtt.c:672:1:mqtt_message_received	72	static
mqtt.c:839:1:mqtt_parse_incoming	40	static
mqtt.c:932:1:mqtt_tcp_recv_cb	32	static
mqtt.c:976:1:mqtt_tcp_sent_cb	32	static
mqtt.c:1009:1:mqtt_tcp_err_cb	24	static
mqtt.c:1027:1:mqtt_tcp_poll_cb	24	static
mqtt.c:1044:1:mqtt_tcp_connect_cb	32	static
mqtt.c:1097:1:mqtt_publish	56	static
mqtt.c:1173:1:mqtt_sub_unsub	56	static
mqtt.c:1238:1:mqtt_set_inpub_callback	24	static
mqtt.c:1254:1:mqtt_client_new	8	static
mqtt.c:1266:1:mqtt_client_free	16	static
mqtt.c:1283:1:mqtt_client_connect	56	static
mqtt.c:1437:1:mqtt_disconnect	16	static
mqtt.c:1456:1:mqtt_client_is_connected	16	static
