01:11:11 **** Incremental Build of configuration Debug for project STM32F4_HAL_ETH_MQTT_CLIENT ****
make -j4 all 
arm-none-eabi-gcc "../Middlewares/Third_Party/MQTT/MQTTInterface.c" -mcpu=cortex-m4 -std=gnu11 -g3 -DUSE_HAL_DRIVER -DDEBUG -DSTM32F429xx -c -I../Middlewares/Third_Party/FreeRTOS/Source/include -I../Middlewares/Third_Party/MQTT -I../Middlewares/Third_Party/LwIP/src/include/lwip/priv -I../Middlewares/Third_Party/LwIP/src/include/netif/ppp -I../Drivers/STM32F4xx_HAL_Driver/Inc -I../Middlewares/Third_Party/LwIP/src/include/compat/stdc -I../Drivers/CMSIS/Device/ST/STM32F4xx/Include -I../Middlewares/Third_Party/LwIP/src/include/lwip/prot -I../Middlewares/Third_Party/LwIP/src/include/lwip/apps -I../Middlewares/Third_Party/LwIP/src/include/compat/posix/sys -I../Drivers/STM32F4xx_HAL_Driver/Inc/Legacy -I../Middlewares/Third_Party/LwIP/system/arch -I../Middlewares/Third_Party/LwIP/src/include -I../Middlewares/Third_Party/FreeRTOS/Source/portable/GCC/ARM_CM4F -I../Inc -I../Middlewares/Third_Party/LwIP/src/include/compat/posix -I../Drivers/CMSIS/Include -I../Middlewares/Third_Party/LwIP/src/include/lwip -I../Middlewares/Third_Party/LwIP/src/include/compat/posix/net -I../Middlewares/Third_Party/FreeRTOS/Source/CMSIS_RTOS -I../Middlewares/Third_Party/LwIP/src/include/compat/posix/arpa -I../Middlewares/Third_Party/LwIP/system -I../Middlewares/Third_Party/LwIP/src/include/netif -O0 -ffunction-sections -fdata-sections -Wall -fstack-usage -MMD -MP -MF"Middlewares/Third_Party/MQTT/MQTTInterface.d" -MT"Middlewares/Third_Party/MQTT/MQTTInterface.o" --specs=nano.specs -mfpu=fpv4-sp-d16 -mfloat-abi=hard -mthumb -o "Middlewares/Third_Party/MQTT/MQTTInterface.o"
arm-none-eabi-gcc -o "STM32F4_HAL_ETH_MQTT_CLIENT.elf" @"objects.list"   -mcpu=cortex-m4 -T"D:\Workspace\STM\ETH\STM32F4_HAL_LWIP_LAB\STM32F4_HAL_ETH_MQTT_CLIENT\STM32F429ZITX_FLASH.ld" --specs=nosys.specs -Wl,-Map="STM32F4_HAL_ETH_MQTT_CLIENT.map" -Wl,--gc-sections -static --specs=nano.specs -mfpu=fpv4-sp-d16 -mfloat-abi=hard -mthumb -Wl,--start-group -lc -lm -Wl,--end-group
Finished building target: STM32F4_HAL_ETH_MQTT_CLIENT.elf
 
arm-none-eabi-objdump -h -S  STM32F4_HAL_ETH_MQTT_CLIENT.elf  > "STM32F4_HAL_ETH_MQTT_CLIENT.list"
arm-none-eabi-objcopy  -O binary  STM32F4_HAL_ETH_MQTT_CLIENT.elf  "STM32F4_HAL_ETH_MQTT_CLIENT.bin"
arm-none-eabi-size   STM32F4_HAL_ETH_MQTT_CLIENT.elf 
   text	   data	    bss	    dec	    hex	filename
 117456	    504	  66240	 184200	  2cf88	STM32F4_HAL_ETH_MQTT_CLIENT.elf
Finished building: default.size.stdout
 
Finished building: STM32F4_HAL_ETH_MQTT_CLIENT.bin
 
Finished building: STM32F4_HAL_ETH_MQTT_CLIENT.list
 
01:11:21 **** Incremental Build of configuration Debug for project STM32F4_HAL_ETH_MQTT_CLIENT ****
make -j4 all 
arm-none-eabi-size   STM32F4_HAL_ETH_MQTT_CLIENT.elf 
   text	   data	    bss	    dec	    hex	filename
 117456	    504	  66240	 184200	  2cf88	STM32F4_HAL_ETH_MQTT_CLIENT.elf
Finished building: default.size.stdout
 
