22:13:32 **** Incremental Build of configuration Debug for project STM32F4_HAL_ETH_WIZ5100_TCPCLIENT ****
make -j4 all 
arm-none-eabi-gcc "../Middlewares/Third_Party/FreeRTOS/Source/portable/MemMang/heap_4.c" -mcpu=cortex-m4 -std=gnu11 -g3 -DUSE_HAL_DRIVER -DDEBUG -DSTM32F429xx -c -I../Middlewares/Third_Party/FreeRTOS/Source/include -I../Drivers/STM32F4xx_HAL_Driver/Inc -I../Drivers/CMSIS/Device/ST/STM32F4xx/Include -I"../Middlewares/Third_Party/ioLibrary_Driver/Ethernet" -I"../Middlewares/Third_Party/ioLibrary_Driver/Ethernet/W5100" -I../Drivers/STM32F4xx_HAL_Driver/Inc/Legacy -I../Middlewares/Third_Party/FreeRTOS/Source/portable/GCC/ARM_CM4F -I"../Middlewares/Third_Party/ioLibrary_Driver/Internet/DHCP" -I../Drivers/CMSIS/Include -I../Core/Inc -I"../Middlewares/Third_Party/ioLibrary_Driver/Internet/DNS" -I../Middlewares/Third_Party/FreeRTOS/Source/CMSIS_RTOS -O0 -ffunction-sections -fdata-sections -Wall -fstack-usage -MMD -MP -MF"Middlewares/Third_Party/FreeRTOS/Source/portable/MemMang/heap_4.d" -MT"Middlewares/Third_Party/FreeRTOS/Source/portable/MemMang/heap_4.o" --specs=nano.specs -mfpu=fpv4-sp-d16 -mfloat-abi=hard -mthumb -o "Middlewares/Third_Party/FreeRTOS/Source/portable/MemMang/heap_4.o"
arm-none-eabi-gcc "../Middlewares/Third_Party/FreeRTOS/Source/portable/GCC/ARM_CM4F/port.c" -mcpu=cortex-m4 -std=gnu11 -g3 -DUSE_HAL_DRIVER -DDEBUG -DSTM32F429xx -c -I../Middlewares/Third_Party/FreeRTOS/Source/include -I../Drivers/STM32F4xx_HAL_Driver/Inc -I../Drivers/CMSIS/Device/ST/STM32F4xx/Include -I"../Middlewares/Third_Party/ioLibrary_Driver/Ethernet" -I"../Middlewares/Third_Party/ioLibrary_Driver/Ethernet/W5100" -I../Drivers/STM32F4xx_HAL_Driver/Inc/Legacy -I../Middlewares/Third_Party/FreeRTOS/Source/portable/GCC/ARM_CM4F -I"../Middlewares/Third_Party/ioLibrary_Driver/Internet/DHCP" -I../Drivers/CMSIS/Include -I../Core/Inc -I"../Middlewares/Third_Party/ioLibrary_Driver/Internet/DNS" -I../Middlewares/Third_Party/FreeRTOS/Source/CMSIS_RTOS -O0 -ffunction-sections -fdata-sections -Wall -fstack-usage -MMD -MP -MF"Middlewares/Third_Party/FreeRTOS/Source/portable/GCC/ARM_CM4F/port.d" -MT"Middlewares/Third_Party/FreeRTOS/Source/portable/GCC/ARM_CM4F/port.o" --specs=nano.specs -mfpu=fpv4-sp-d16 -mfloat-abi=hard -mthumb -o "Middlewares/Third_Party/FreeRTOS/Source/portable/GCC/ARM_CM4F/port.o"
arm-none-eabi-gcc "../Middlewares/Third_Party/FreeRTOS/Source/CMSIS_RTOS/cmsis_os.c" -mcpu=cortex-m4 -std=gnu11 -g3 -DUSE_HAL_DRIVER -DDEBUG -DSTM32F429xx -c -I../Middlewares/Third_Party/FreeRTOS/Source/include -I../Drivers/STM32F4xx_HAL_Driver/Inc -I../Drivers/CMSIS/Device/ST/STM32F4xx/Include -I"../Middlewares/Third_Party/ioLibrary_Driver/Ethernet" -I"../Middlewares/Third_Party/ioLibrary_Driver/Ethernet/W5100" -I../Drivers/STM32F4xx_HAL_Driver/Inc/Legacy -I../Middlewares/Third_Party/FreeRTOS/Source/portable/GCC/ARM_CM4F -I"../Middlewares/Third_Party/ioLibrary_Driver/Internet/DHCP" -I../Drivers/CMSIS/Include -I../Core/Inc -I"../Middlewares/Third_Party/ioLibrary_Driver/Internet/DNS" -I../Middlewares/Third_Party/FreeRTOS/Source/CMSIS_RTOS -O0 -ffunction-sections -fdata-sections -Wall -fstack-usage -MMD -MP -MF"Middlewares/Third_Party/FreeRTOS/Source/CMSIS_RTOS/cmsis_os.d" -MT"Middlewares/Third_Party/FreeRTOS/Source/CMSIS_RTOS/cmsis_os.o" --specs=nano.specs -mfpu=fpv4-sp-d16 -mfloat-abi=hard -mthumb -o "Middlewares/Third_Party/FreeRTOS/Source/CMSIS_RTOS/cmsis_os.o"
arm-none-eabi-gcc "../Middlewares/Third_Party/FreeRTOS/Source/croutine.c" -mcpu=cortex-m4 -std=gnu11 -g3 -DUSE_HAL_DRIVER -DDEBUG -DSTM32F429xx -c -I../Middlewares/Third_Party/FreeRTOS/Source/include -I../Drivers/STM32F4xx_HAL_Driver/Inc -I../Drivers/CMSIS/Device/ST/STM32F4xx/Include -I"../Middlewares/Third_Party/ioLibrary_Driver/Ethernet" -I"../Middlewares/Third_Party/ioLibrary_Driver/Ethernet/W5100" -I../Drivers/STM32F4xx_HAL_Driver/Inc/Legacy -I../Middlewares/Third_Party/FreeRTOS/Source/portable/GCC/ARM_CM4F -I"../Middlewares/Third_Party/ioLibrary_Driver/Internet/DHCP" -I../Drivers/CMSIS/Include -I../Core/Inc -I"../Middlewares/Third_Party/ioLibrary_Driver/Internet/DNS" -I../Middlewares/Third_Party/FreeRTOS/Source/CMSIS_RTOS -O0 -ffunction-sections -fdata-sections -Wall -fstack-usage -MMD -MP -MF"Middlewares/Third_Party/FreeRTOS/Source/croutine.d" -MT"Middlewares/Third_Party/FreeRTOS/Source/croutine.o" --specs=nano.specs -mfpu=fpv4-sp-d16 -mfloat-abi=hard -mthumb -o "Middlewares/Third_Party/FreeRTOS/Source/croutine.o"
arm-none-eabi-gcc "../Middlewares/Third_Party/FreeRTOS/Source/event_groups.c" -mcpu=cortex-m4 -std=gnu11 -g3 -DUSE_HAL_DRIVER -DDEBUG -DSTM32F429xx -c -I../Middlewares/Third_Party/FreeRTOS/Source/include -I../Drivers/STM32F4xx_HAL_Driver/Inc -I../Drivers/CMSIS/Device/ST/STM32F4xx/Include -I"../Middlewares/Third_Party/ioLibrary_Driver/Ethernet" -I"../Middlewares/Third_Party/ioLibrary_Driver/Ethernet/W5100" -I../Drivers/STM32F4xx_HAL_Driver/Inc/Legacy -I../Middlewares/Third_Party/FreeRTOS/Source/portable/GCC/ARM_CM4F -I"../Middlewares/Third_Party/ioLibrary_Driver/Internet/DHCP" -I../Drivers/CMSIS/Include -I../Core/Inc -I"../Middlewares/Third_Party/ioLibrary_Driver/Internet/DNS" -I../Middlewares/Third_Party/FreeRTOS/Source/CMSIS_RTOS -O0 -ffunction-sections -fdata-sections -Wall -fstack-usage -MMD -MP -MF"Middlewares/Third_Party/FreeRTOS/Source/event_groups.d" -MT"Middlewares/Third_Party/FreeRTOS/Source/event_groups.o" --specs=nano.specs -mfpu=fpv4-sp-d16 -mfloat-abi=hard -mthumb -o "Middlewares/Third_Party/FreeRTOS/Source/event_groups.o"
arm-none-eabi-gcc "../Middlewares/Third_Party/FreeRTOS/Source/list.c" -mcpu=cortex-m4 -std=gnu11 -g3 -DUSE_HAL_DRIVER -DDEBUG -DSTM32F429xx -c -I../Middlewares/Third_Party/FreeRTOS/Source/include -I../Drivers/STM32F4xx_HAL_Driver/Inc -I../Drivers/CMSIS/Device/ST/STM32F4xx/Include -I"../Middlewares/Third_Party/ioLibrary_Driver/Ethernet" -I"../Middlewares/Third_Party/ioLibrary_Driver/Ethernet/W5100" -I../Drivers/STM32F4xx_HAL_Driver/Inc/Legacy -I../Middlewares/Third_Party/FreeRTOS/Source/portable/GCC/ARM_CM4F -I"../Middlewares/Third_Party/ioLibrary_Driver/Internet/DHCP" -I../Drivers/CMSIS/Include -I../Core/Inc -I"../Middlewares/Third_Party/ioLibrary_Driver/Internet/DNS" -I../Middlewares/Third_Party/FreeRTOS/Source/CMSIS_RTOS -O0 -ffunction-sections -fdata-sections -Wall -fstack-usage -MMD -MP -MF"Middlewares/Third_Party/FreeRTOS/Source/list.d" -MT"Middlewares/Third_Party/FreeRTOS/Source/list.o" --specs=nano.specs -mfpu=fpv4-sp-d16 -mfloat-abi=hard -mthumb -o "Middlewares/Third_Party/FreeRTOS/Source/list.o"
arm-none-eabi-gcc "../Middlewares/Third_Party/FreeRTOS/Source/queue.c" -mcpu=cortex-m4 -std=gnu11 -g3 -DUSE_HAL_DRIVER -DDEBUG -DSTM32F429xx -c -I../Middlewares/Third_Party/FreeRTOS/Source/include -I../Drivers/STM32F4xx_HAL_Driver/Inc -I../Drivers/CMSIS/Device/ST/STM32F4xx/Include -I"../Middlewares/Third_Party/ioLibrary_Driver/Ethernet" -I"../Middlewares/Third_Party/ioLibrary_Driver/Ethernet/W5100" -I../Drivers/STM32F4xx_HAL_Driver/Inc/Legacy -I../Middlewares/Third_Party/FreeRTOS/Source/portable/GCC/ARM_CM4F -I"../Middlewares/Third_Party/ioLibrary_Driver/Internet/DHCP" -I../Drivers/CMSIS/Include -I../Core/Inc -I"../Middlewares/Third_Party/ioLibrary_Driver/Internet/DNS" -I../Middlewares/Third_Party/FreeRTOS/Source/CMSIS_RTOS -O0 -ffunction-sections -fdata-sections -Wall -fstack-usage -MMD -MP -MF"Middlewares/Third_Party/FreeRTOS/Source/queue.d" -MT"Middlewares/Third_Party/FreeRTOS/Source/queue.o" --specs=nano.specs -mfpu=fpv4-sp-d16 -mfloat-abi=hard -mthumb -o "Middlewares/Third_Party/FreeRTOS/Source/queue.o"
arm-none-eabi-gcc "../Middlewares/Third_Party/FreeRTOS/Source/stream_buffer.c" -mcpu=cortex-m4 -std=gnu11 -g3 -DUSE_HAL_DRIVER -DDEBUG -DSTM32F429xx -c -I../Middlewares/Third_Party/FreeRTOS/Source/include -I../Drivers/STM32F4xx_HAL_Driver/Inc -I../Drivers/CMSIS/Device/ST/STM32F4xx/Include -I"../Middlewares/Third_Party/ioLibrary_Driver/Ethernet" -I"../Middlewares/Third_Party/ioLibrary_Driver/Ethernet/W5100" -I../Drivers/STM32F4xx_HAL_Driver/Inc/Legacy -I../Middlewares/Third_Party/FreeRTOS/Source/portable/GCC/ARM_CM4F -I"../Middlewares/Third_Party/ioLibrary_Driver/Internet/DHCP" -I../Drivers/CMSIS/Include -I../Core/Inc -I"../Middlewares/Third_Party/ioLibrary_Driver/Internet/DNS" -I../Middlewares/Third_Party/FreeRTOS/Source/CMSIS_RTOS -O0 -ffunction-sections -fdata-sections -Wall -fstack-usage -MMD -MP -MF"Middlewares/Third_Party/FreeRTOS/Source/stream_buffer.d" -MT"Middlewares/Third_Party/FreeRTOS/Source/stream_buffer.o" --specs=nano.specs -mfpu=fpv4-sp-d16 -mfloat-abi=hard -mthumb -o "Middlewares/Third_Party/FreeRTOS/Source/stream_buffer.o"
arm-none-eabi-gcc "../Middlewares/Third_Party/FreeRTOS/Source/tasks.c" -mcpu=cortex-m4 -std=gnu11 -g3 -DUSE_HAL_DRIVER -DDEBUG -DSTM32F429xx -c -I../Middlewares/Third_Party/FreeRTOS/Source/include -I../Drivers/STM32F4xx_HAL_Driver/Inc -I../Drivers/CMSIS/Device/ST/STM32F4xx/Include -I"../Middlewares/Third_Party/ioLibrary_Driver/Ethernet" -I"../Middlewares/Third_Party/ioLibrary_Driver/Ethernet/W5100" -I../Drivers/STM32F4xx_HAL_Driver/Inc/Legacy -I../Middlewares/Third_Party/FreeRTOS/Source/portable/GCC/ARM_CM4F -I"../Middlewares/Third_Party/ioLibrary_Driver/Internet/DHCP" -I../Drivers/CMSIS/Include -I../Core/Inc -I"../Middlewares/Third_Party/ioLibrary_Driver/Internet/DNS" -I../Middlewares/Third_Party/FreeRTOS/Source/CMSIS_RTOS -O0 -ffunction-sections -fdata-sections -Wall -fstack-usage -MMD -MP -MF"Middlewares/Third_Party/FreeRTOS/Source/tasks.d" -MT"Middlewares/Third_Party/FreeRTOS/Source/tasks.o" --specs=nano.specs -mfpu=fpv4-sp-d16 -mfloat-abi=hard -mthumb -o "Middlewares/Third_Party/FreeRTOS/Source/tasks.o"
arm-none-eabi-gcc "../Middlewares/Third_Party/FreeRTOS/Source/timers.c" -mcpu=cortex-m4 -std=gnu11 -g3 -DUSE_HAL_DRIVER -DDEBUG -DSTM32F429xx -c -I../Middlewares/Third_Party/FreeRTOS/Source/include -I../Drivers/STM32F4xx_HAL_Driver/Inc -I../Drivers/CMSIS/Device/ST/STM32F4xx/Include -I"../Middlewares/Third_Party/ioLibrary_Driver/Ethernet" -I"../Middlewares/Third_Party/ioLibrary_Driver/Ethernet/W5100" -I../Drivers/STM32F4xx_HAL_Driver/Inc/Legacy -I../Middlewares/Third_Party/FreeRTOS/Source/portable/GCC/ARM_CM4F -I"../Middlewares/Third_Party/ioLibrary_Driver/Internet/DHCP" -I../Drivers/CMSIS/Include -I../Core/Inc -I"../Middlewares/Third_Party/ioLibrary_Driver/Internet/DNS" -I../Middlewares/Third_Party/FreeRTOS/Source/CMSIS_RTOS -O0 -ffunction-sections -fdata-sections -Wall -fstack-usage -MMD -MP -MF"Middlewares/Third_Party/FreeRTOS/Source/timers.d" -MT"Middlewares/Third_Party/FreeRTOS/Source/timers.o" --specs=nano.specs -mfpu=fpv4-sp-d16 -mfloat-abi=hard -mthumb -o "Middlewares/Third_Party/FreeRTOS/Source/timers.o"
arm-none-eabi-gcc "../Drivers/STM32F4xx_HAL_Driver/Src/stm32f4xx_hal.c" -mcpu=cortex-m4 -std=gnu11 -g3 -DUSE_HAL_DRIVER -DDEBUG -DSTM32F429xx -c -I../Middlewares/Third_Party/FreeRTOS/Source/include -I../Drivers/STM32F4xx_HAL_Driver/Inc -I../Drivers/CMSIS/Device/ST/STM32F4xx/Include -I"../Middlewares/Third_Party/ioLibrary_Driver/Ethernet" -I"../Middlewares/Third_Party/ioLibrary_Driver/Ethernet/W5100" -I../Drivers/STM32F4xx_HAL_Driver/Inc/Legacy -I../Middlewares/Third_Party/FreeRTOS/Source/portable/GCC/ARM_CM4F -I"../Middlewares/Third_Party/ioLibrary_Driver/Internet/DHCP" -I../Drivers/CMSIS/Include -I../Core/Inc -I"../Middlewares/Third_Party/ioLibrary_Driver/Internet/DNS" -I../Middlewares/Third_Party/FreeRTOS/Source/CMSIS_RTOS -O0 -ffunction-sections -fdata-sections -Wall -fstack-usage -MMD -MP -MF"Drivers/STM32F4xx_HAL_Driver/Src/stm32f4xx_hal.d" -MT"Drivers/STM32F4xx_HAL_Driver/Src/stm32f4xx_hal.o" --specs=nano.specs -mfpu=fpv4-sp-d16 -mfloat-abi=hard -mthumb -o "Drivers/STM32F4xx_HAL_Driver/Src/stm32f4xx_hal.o"
arm-none-eabi-gcc "../Drivers/STM32F4xx_HAL_Driver/Src/stm32f4xx_hal_cortex.c" -mcpu=cortex-m4 -std=gnu11 -g3 -DUSE_HAL_DRIVER -DDEBUG -DSTM32F429xx -c -I../Middlewares/Third_Party/FreeRTOS/Source/include -I../Drivers/STM32F4xx_HAL_Driver/Inc -I../Drivers/CMSIS/Device/ST/STM32F4xx/Include -I"../Middlewares/Third_Party/ioLibrary_Driver/Ethernet" -I"../Middlewares/Third_Party/ioLibrary_Driver/Ethernet/W5100" -I../Drivers/STM32F4xx_HAL_Driver/Inc/Legacy -I../Middlewares/Third_Party/FreeRTOS/Source/portable/GCC/ARM_CM4F -I"../Middlewares/Third_Party/ioLibrary_Driver/Internet/DHCP" -I../Drivers/CMSIS/Include -I../Core/Inc -I"../Middlewares/Third_Party/ioLibrary_Driver/Internet/DNS" -I../Middlewares/Third_Party/FreeRTOS/Source/CMSIS_RTOS -O0 -ffunction-sections -fdata-sections -Wall -fstack-usage -MMD -MP -MF"Drivers/STM32F4xx_HAL_Driver/Src/stm32f4xx_hal_cortex.d" -MT"Drivers/STM32F4xx_HAL_Driver/Src/stm32f4xx_hal_cortex.o" --specs=nano.specs -mfpu=fpv4-sp-d16 -mfloat-abi=hard -mthumb -o "Drivers/STM32F4xx_HAL_Driver/Src/stm32f4xx_hal_cortex.o"
arm-none-eabi-gcc "../Drivers/STM32F4xx_HAL_Driver/Src/stm32f4xx_hal_dma.c" -mcpu=cortex-m4 -std=gnu11 -g3 -DUSE_HAL_DRIVER -DDEBUG -DSTM32F429xx -c -I../Middlewares/Third_Party/FreeRTOS/Source/include -I../Drivers/STM32F4xx_HAL_Driver/Inc -I../Drivers/CMSIS/Device/ST/STM32F4xx/Include -I"../Middlewares/Third_Party/ioLibrary_Driver/Ethernet" -I"../Middlewares/Third_Party/ioLibrary_Driver/Ethernet/W5100" -I../Drivers/STM32F4xx_HAL_Driver/Inc/Legacy -I../Middlewares/Third_Party/FreeRTOS/Source/portable/GCC/ARM_CM4F -I"../Middlewares/Third_Party/ioLibrary_Driver/Internet/DHCP" -I../Drivers/CMSIS/Include -I../Core/Inc -I"../Middlewares/Third_Party/ioLibrary_Driver/Internet/DNS" -I../Middlewares/Third_Party/FreeRTOS/Source/CMSIS_RTOS -O0 -ffunction-sections -fdata-sections -Wall -fstack-usage -MMD -MP -MF"Drivers/STM32F4xx_HAL_Driver/Src/stm32f4xx_hal_dma.d" -MT"Drivers/STM32F4xx_HAL_Driver/Src/stm32f4xx_hal_dma.o" --specs=nano.specs -mfpu=fpv4-sp-d16 -mfloat-abi=hard -mthumb -o "Drivers/STM32F4xx_HAL_Driver/Src/stm32f4xx_hal_dma.o"
arm-none-eabi-gcc "../Drivers/STM32F4xx_HAL_Driver/Src/stm32f4xx_hal_dma_ex.c" -mcpu=cortex-m4 -std=gnu11 -g3 -DUSE_HAL_DRIVER -DDEBUG -DSTM32F429xx -c -I../Middlewares/Third_Party/FreeRTOS/Source/include -I../Drivers/STM32F4xx_HAL_Driver/Inc -I../Drivers/CMSIS/Device/ST/STM32F4xx/Include -I"../Middlewares/Third_Party/ioLibrary_Driver/Ethernet" -I"../Middlewares/Third_Party/ioLibrary_Driver/Ethernet/W5100" -I../Drivers/STM32F4xx_HAL_Driver/Inc/Legacy -I../Middlewares/Third_Party/FreeRTOS/Source/portable/GCC/ARM_CM4F -I"../Middlewares/Third_Party/ioLibrary_Driver/Internet/DHCP" -I../Drivers/CMSIS/Include -I../Core/Inc -I"../Middlewares/Third_Party/ioLibrary_Driver/Internet/DNS" -I../Middlewares/Third_Party/FreeRTOS/Source/CMSIS_RTOS -O0 -ffunction-sections -fdata-sections -Wall -fstack-usage -MMD -MP -MF"Drivers/STM32F4xx_HAL_Driver/Src/stm32f4xx_hal_dma_ex.d" -MT"Drivers/STM32F4xx_HAL_Driver/Src/stm32f4xx_hal_dma_ex.o" --specs=nano.specs -mfpu=fpv4-sp-d16 -mfloat-abi=hard -mthumb -o "Drivers/STM32F4xx_HAL_Driver/Src/stm32f4xx_hal_dma_ex.o"
arm-none-eabi-gcc "../Drivers/STM32F4xx_HAL_Driver/Src/stm32f4xx_hal_exti.c" -mcpu=cortex-m4 -std=gnu11 -g3 -DUSE_HAL_DRIVER -DDEBUG -DSTM32F429xx -c -I../Middlewares/Third_Party/FreeRTOS/Source/include -I../Drivers/STM32F4xx_HAL_Driver/Inc -I../Drivers/CMSIS/Device/ST/STM32F4xx/Include -I"../Middlewares/Third_Party/ioLibrary_Driver/Ethernet" -I"../Middlewares/Third_Party/ioLibrary_Driver/Ethernet/W5100" -I../Drivers/STM32F4xx_HAL_Driver/Inc/Legacy -I../Middlewares/Third_Party/FreeRTOS/Source/portable/GCC/ARM_CM4F -I"../Middlewares/Third_Party/ioLibrary_Driver/Internet/DHCP" -I../Drivers/CMSIS/Include -I../Core/Inc -I"../Middlewares/Third_Party/ioLibrary_Driver/Internet/DNS" -I../Middlewares/Third_Party/FreeRTOS/Source/CMSIS_RTOS -O0 -ffunction-sections -fdata-sections -Wall -fstack-usage -MMD -MP -MF"Drivers/STM32F4xx_HAL_Driver/Src/stm32f4xx_hal_exti.d" -MT"Drivers/STM32F4xx_HAL_Driver/Src/stm32f4xx_hal_exti.o" --specs=nano.specs -mfpu=fpv4-sp-d16 -mfloat-abi=hard -mthumb -o "Drivers/STM32F4xx_HAL_Driver/Src/stm32f4xx_hal_exti.o"
arm-none-eabi-gcc "../Drivers/STM32F4xx_HAL_Driver/Src/stm32f4xx_hal_flash.c" -mcpu=cortex-m4 -std=gnu11 -g3 -DUSE_HAL_DRIVER -DDEBUG -DSTM32F429xx -c -I../Middlewares/Third_Party/FreeRTOS/Source/include -I../Drivers/STM32F4xx_HAL_Driver/Inc -I../Drivers/CMSIS/Device/ST/STM32F4xx/Include -I"../Middlewares/Third_Party/ioLibrary_Driver/Ethernet" -I"../Middlewares/Third_Party/ioLibrary_Driver/Ethernet/W5100" -I../Drivers/STM32F4xx_HAL_Driver/Inc/Legacy -I../Middlewares/Third_Party/FreeRTOS/Source/portable/GCC/ARM_CM4F -I"../Middlewares/Third_Party/ioLibrary_Driver/Internet/DHCP" -I../Drivers/CMSIS/Include -I../Core/Inc -I"../Middlewares/Third_Party/ioLibrary_Driver/Internet/DNS" -I../Middlewares/Third_Party/FreeRTOS/Source/CMSIS_RTOS -O0 -ffunction-sections -fdata-sections -Wall -fstack-usage -MMD -MP -MF"Drivers/STM32F4xx_HAL_Driver/Src/stm32f4xx_hal_flash.d" -MT"Drivers/STM32F4xx_HAL_Driver/Src/stm32f4xx_hal_flash.o" --specs=nano.specs -mfpu=fpv4-sp-d16 -mfloat-abi=hard -mthumb -o "Drivers/STM32F4xx_HAL_Driver/Src/stm32f4xx_hal_flash.o"
arm-none-eabi-gcc "../Drivers/STM32F4xx_HAL_Driver/Src/stm32f4xx_hal_flash_ex.c" -mcpu=cortex-m4 -std=gnu11 -g3 -DUSE_HAL_DRIVER -DDEBUG -DSTM32F429xx -c -I../Middlewares/Third_Party/FreeRTOS/Source/include -I../Drivers/STM32F4xx_HAL_Driver/Inc -I../Drivers/CMSIS/Device/ST/STM32F4xx/Include -I"../Middlewares/Third_Party/ioLibrary_Driver/Ethernet" -I"../Middlewares/Third_Party/ioLibrary_Driver/Ethernet/W5100" -I../Drivers/STM32F4xx_HAL_Driver/Inc/Legacy -I../Middlewares/Third_Party/FreeRTOS/Source/portable/GCC/ARM_CM4F -I"../Middlewares/Third_Party/ioLibrary_Driver/Internet/DHCP" -I../Drivers/CMSIS/Include -I../Core/Inc -I"../Middlewares/Third_Party/ioLibrary_Driver/Internet/DNS" -I../Middlewares/Third_Party/FreeRTOS/Source/CMSIS_RTOS -O0 -ffunction-sections -fdata-sections -Wall -fstack-usage -MMD -MP -MF"Drivers/STM32F4xx_HAL_Driver/Src/stm32f4xx_hal_flash_ex.d" -MT"Drivers/STM32F4xx_HAL_Driver/Src/stm32f4xx_hal_flash_ex.o" --specs=nano.specs -mfpu=fpv4-sp-d16 -mfloat-abi=hard -mthumb -o "Drivers/STM32F4xx_HAL_Driver/Src/stm32f4xx_hal_flash_ex.o"
arm-none-eabi-gcc "../Drivers/STM32F4xx_HAL_Driver/Src/stm32f4xx_hal_flash_ramfunc.c" -mcpu=cortex-m4 -std=gnu11 -g3 -DUSE_HAL_DRIVER -DDEBUG -DSTM32F429xx -c -I../Middlewares/Third_Party/FreeRTOS/Source/include -I../Drivers/STM32F4xx_HAL_Driver/Inc -I../Drivers/CMSIS/Device/ST/STM32F4xx/Include -I"../Middlewares/Third_Party/ioLibrary_Driver/Ethernet" -I"../Middlewares/Third_Party/ioLibrary_Driver/Ethernet/W5100" -I../Drivers/STM32F4xx_HAL_Driver/Inc/Legacy -I../Middlewares/Third_Party/FreeRTOS/Source/portable/GCC/ARM_CM4F -I"../Middlewares/Third_Party/ioLibrary_Driver/Internet/DHCP" -I../Drivers/CMSIS/Include -I../Core/Inc -I"../Middlewares/Third_Party/ioLibrary_Driver/Internet/DNS" -I../Middlewares/Third_Party/FreeRTOS/Source/CMSIS_RTOS -O0 -ffunction-sections -fdata-sections -Wall -fstack-usage -MMD -MP -MF"Drivers/STM32F4xx_HAL_Driver/Src/stm32f4xx_hal_flash_ramfunc.d" -MT"Drivers/STM32F4xx_HAL_Driver/Src/stm32f4xx_hal_flash_ramfunc.o" --specs=nano.specs -mfpu=fpv4-sp-d16 -mfloat-abi=hard -mthumb -o "Drivers/STM32F4xx_HAL_Driver/Src/stm32f4xx_hal_flash_ramfunc.o"
arm-none-eabi-gcc "../Drivers/STM32F4xx_HAL_Driver/Src/stm32f4xx_hal_gpio.c" -mcpu=cortex-m4 -std=gnu11 -g3 -DUSE_HAL_DRIVER -DDEBUG -DSTM32F429xx -c -I../Middlewares/Third_Party/FreeRTOS/Source/include -I../Drivers/STM32F4xx_HAL_Driver/Inc -I../Drivers/CMSIS/Device/ST/STM32F4xx/Include -I"../Middlewares/Third_Party/ioLibrary_Driver/Ethernet" -I"../Middlewares/Third_Party/ioLibrary_Driver/Ethernet/W5100" -I../Drivers/STM32F4xx_HAL_Driver/Inc/Legacy -I../Middlewares/Third_Party/FreeRTOS/Source/portable/GCC/ARM_CM4F -I"../Middlewares/Third_Party/ioLibrary_Driver/Internet/DHCP" -I../Drivers/CMSIS/Include -I../Core/Inc -I"../Middlewares/Third_Party/ioLibrary_Driver/Internet/DNS" -I../Middlewares/Third_Party/FreeRTOS/Source/CMSIS_RTOS -O0 -ffunction-sections -fdata-sections -Wall -fstack-usage -MMD -MP -MF"Drivers/STM32F4xx_HAL_Driver/Src/stm32f4xx_hal_gpio.d" -MT"Drivers/STM32F4xx_HAL_Driver/Src/stm32f4xx_hal_gpio.o" --specs=nano.specs -mfpu=fpv4-sp-d16 -mfloat-abi=hard -mthumb -o "Drivers/STM32F4xx_HAL_Driver/Src/stm32f4xx_hal_gpio.o"
arm-none-eabi-gcc "../Drivers/STM32F4xx_HAL_Driver/Src/stm32f4xx_hal_pwr.c" -mcpu=cortex-m4 -std=gnu11 -g3 -DUSE_HAL_DRIVER -DDEBUG -DSTM32F429xx -c -I../Middlewares/Third_Party/FreeRTOS/Source/include -I../Drivers/STM32F4xx_HAL_Driver/Inc -I../Drivers/CMSIS/Device/ST/STM32F4xx/Include -I"../Middlewares/Third_Party/ioLibrary_Driver/Ethernet" -I"../Middlewares/Third_Party/ioLibrary_Driver/Ethernet/W5100" -I../Drivers/STM32F4xx_HAL_Driver/Inc/Legacy -I../Middlewares/Third_Party/FreeRTOS/Source/portable/GCC/ARM_CM4F -I"../Middlewares/Third_Party/ioLibrary_Driver/Internet/DHCP" -I../Drivers/CMSIS/Include -I../Core/Inc -I"../Middlewares/Third_Party/ioLibrary_Driver/Internet/DNS" -I../Middlewares/Third_Party/FreeRTOS/Source/CMSIS_RTOS -O0 -ffunction-sections -fdata-sections -Wall -fstack-usage -MMD -MP -MF"Drivers/STM32F4xx_HAL_Driver/Src/stm32f4xx_hal_pwr.d" -MT"Drivers/STM32F4xx_HAL_Driver/Src/stm32f4xx_hal_pwr.o" --specs=nano.specs -mfpu=fpv4-sp-d16 -mfloat-abi=hard -mthumb -o "Drivers/STM32F4xx_HAL_Driver/Src/stm32f4xx_hal_pwr.o"
arm-none-eabi-gcc "../Drivers/STM32F4xx_HAL_Driver/Src/stm32f4xx_hal_pwr_ex.c" -mcpu=cortex-m4 -std=gnu11 -g3 -DUSE_HAL_DRIVER -DDEBUG -DSTM32F429xx -c -I../Middlewares/Third_Party/FreeRTOS/Source/include -I../Drivers/STM32F4xx_HAL_Driver/Inc -I../Drivers/CMSIS/Device/ST/STM32F4xx/Include -I"../Middlewares/Third_Party/ioLibrary_Driver/Ethernet" -I"../Middlewares/Third_Party/ioLibrary_Driver/Ethernet/W5100" -I../Drivers/STM32F4xx_HAL_Driver/Inc/Legacy -I../Middlewares/Third_Party/FreeRTOS/Source/portable/GCC/ARM_CM4F -I"../Middlewares/Third_Party/ioLibrary_Driver/Internet/DHCP" -I../Drivers/CMSIS/Include -I../Core/Inc -I"../Middlewares/Third_Party/ioLibrary_Driver/Internet/DNS" -I../Middlewares/Third_Party/FreeRTOS/Source/CMSIS_RTOS -O0 -ffunction-sections -fdata-sections -Wall -fstack-usage -MMD -MP -MF"Drivers/STM32F4xx_HAL_Driver/Src/stm32f4xx_hal_pwr_ex.d" -MT"Drivers/STM32F4xx_HAL_Driver/Src/stm32f4xx_hal_pwr_ex.o" --specs=nano.specs -mfpu=fpv4-sp-d16 -mfloat-abi=hard -mthumb -o "Drivers/STM32F4xx_HAL_Driver/Src/stm32f4xx_hal_pwr_ex.o"
arm-none-eabi-gcc "../Drivers/STM32F4xx_HAL_Driver/Src/stm32f4xx_hal_rcc.c" -mcpu=cortex-m4 -std=gnu11 -g3 -DUSE_HAL_DRIVER -DDEBUG -DSTM32F429xx -c -I../Middlewares/Third_Party/FreeRTOS/Source/include -I../Drivers/STM32F4xx_HAL_Driver/Inc -I../Drivers/CMSIS/Device/ST/STM32F4xx/Include -I"../Middlewares/Third_Party/ioLibrary_Driver/Ethernet" -I"../Middlewares/Third_Party/ioLibrary_Driver/Ethernet/W5100" -I../Drivers/STM32F4xx_HAL_Driver/Inc/Legacy -I../Middlewares/Third_Party/FreeRTOS/Source/portable/GCC/ARM_CM4F -I"../Middlewares/Third_Party/ioLibrary_Driver/Internet/DHCP" -I../Drivers/CMSIS/Include -I../Core/Inc -I"../Middlewares/Third_Party/ioLibrary_Driver/Internet/DNS" -I../Middlewares/Third_Party/FreeRTOS/Source/CMSIS_RTOS -O0 -ffunction-sections -fdata-sections -Wall -fstack-usage -MMD -MP -MF"Drivers/STM32F4xx_HAL_Driver/Src/stm32f4xx_hal_rcc.d" -MT"Drivers/STM32F4xx_HAL_Driver/Src/stm32f4xx_hal_rcc.o" --specs=nano.specs -mfpu=fpv4-sp-d16 -mfloat-abi=hard -mthumb -o "Drivers/STM32F4xx_HAL_Driver/Src/stm32f4xx_hal_rcc.o"
arm-none-eabi-gcc "../Drivers/STM32F4xx_HAL_Driver/Src/stm32f4xx_hal_rcc_ex.c" -mcpu=cortex-m4 -std=gnu11 -g3 -DUSE_HAL_DRIVER -DDEBUG -DSTM32F429xx -c -I../Middlewares/Third_Party/FreeRTOS/Source/include -I../Drivers/STM32F4xx_HAL_Driver/Inc -I../Drivers/CMSIS/Device/ST/STM32F4xx/Include -I"../Middlewares/Third_Party/ioLibrary_Driver/Ethernet" -I"../Middlewares/Third_Party/ioLibrary_Driver/Ethernet/W5100" -I../Drivers/STM32F4xx_HAL_Driver/Inc/Legacy -I../Middlewares/Third_Party/FreeRTOS/Source/portable/GCC/ARM_CM4F -I"../Middlewares/Third_Party/ioLibrary_Driver/Internet/DHCP" -I../Drivers/CMSIS/Include -I../Core/Inc -I"../Middlewares/Third_Party/ioLibrary_Driver/Internet/DNS" -I../Middlewares/Third_Party/FreeRTOS/Source/CMSIS_RTOS -O0 -ffunction-sections -fdata-sections -Wall -fstack-usage -MMD -MP -MF"Drivers/STM32F4xx_HAL_Driver/Src/stm32f4xx_hal_rcc_ex.d" -MT"Drivers/STM32F4xx_HAL_Driver/Src/stm32f4xx_hal_rcc_ex.o" --specs=nano.specs -mfpu=fpv4-sp-d16 -mfloat-abi=hard -mthumb -o "Drivers/STM32F4xx_HAL_Driver/Src/stm32f4xx_hal_rcc_ex.o"
arm-none-eabi-gcc "../Drivers/STM32F4xx_HAL_Driver/Src/stm32f4xx_hal_spi.c" -mcpu=cortex-m4 -std=gnu11 -g3 -DUSE_HAL_DRIVER -DDEBUG -DSTM32F429xx -c -I../Middlewares/Third_Party/FreeRTOS/Source/include -I../Drivers/STM32F4xx_HAL_Driver/Inc -I../Drivers/CMSIS/Device/ST/STM32F4xx/Include -I"../Middlewares/Third_Party/ioLibrary_Driver/Ethernet" -I"../Middlewares/Third_Party/ioLibrary_Driver/Ethernet/W5100" -I../Drivers/STM32F4xx_HAL_Driver/Inc/Legacy -I../Middlewares/Third_Party/FreeRTOS/Source/portable/GCC/ARM_CM4F -I"../Middlewares/Third_Party/ioLibrary_Driver/Internet/DHCP" -I../Drivers/CMSIS/Include -I../Core/Inc -I"../Middlewares/Third_Party/ioLibrary_Driver/Internet/DNS" -I../Middlewares/Third_Party/FreeRTOS/Source/CMSIS_RTOS -O0 -ffunction-sections -fdata-sections -Wall -fstack-usage -MMD -MP -MF"Drivers/STM32F4xx_HAL_Driver/Src/stm32f4xx_hal_spi.d" -MT"Drivers/STM32F4xx_HAL_Driver/Src/stm32f4xx_hal_spi.o" --specs=nano.specs -mfpu=fpv4-sp-d16 -mfloat-abi=hard -mthumb -o "Drivers/STM32F4xx_HAL_Driver/Src/stm32f4xx_hal_spi.o"
arm-none-eabi-gcc "../Drivers/STM32F4xx_HAL_Driver/Src/stm32f4xx_hal_tim.c" -mcpu=cortex-m4 -std=gnu11 -g3 -DUSE_HAL_DRIVER -DDEBUG -DSTM32F429xx -c -I../Middlewares/Third_Party/FreeRTOS/Source/include -I../Drivers/STM32F4xx_HAL_Driver/Inc -I../Drivers/CMSIS/Device/ST/STM32F4xx/Include -I"../Middlewares/Third_Party/ioLibrary_Driver/Ethernet" -I"../Middlewares/Third_Party/ioLibrary_Driver/Ethernet/W5100" -I../Drivers/STM32F4xx_HAL_Driver/Inc/Legacy -I../Middlewares/Third_Party/FreeRTOS/Source/portable/GCC/ARM_CM4F -I"../Middlewares/Third_Party/ioLibrary_Driver/Internet/DHCP" -I../Drivers/CMSIS/Include -I../Core/Inc -I"../Middlewares/Third_Party/ioLibrary_Driver/Internet/DNS" -I../Middlewares/Third_Party/FreeRTOS/Source/CMSIS_RTOS -O0 -ffunction-sections -fdata-sections -Wall -fstack-usage -MMD -MP -MF"Drivers/STM32F4xx_HAL_Driver/Src/stm32f4xx_hal_tim.d" -MT"Drivers/STM32F4xx_HAL_Driver/Src/stm32f4xx_hal_tim.o" --specs=nano.specs -mfpu=fpv4-sp-d16 -mfloat-abi=hard -mthumb -o "Drivers/STM32F4xx_HAL_Driver/Src/stm32f4xx_hal_tim.o"
arm-none-eabi-gcc "../Drivers/STM32F4xx_HAL_Driver/Src/stm32f4xx_hal_tim_ex.c" -mcpu=cortex-m4 -std=gnu11 -g3 -DUSE_HAL_DRIVER -DDEBUG -DSTM32F429xx -c -I../Middlewares/Third_Party/FreeRTOS/Source/include -I../Drivers/STM32F4xx_HAL_Driver/Inc -I../Drivers/CMSIS/Device/ST/STM32F4xx/Include -I"../Middlewares/Third_Party/ioLibrary_Driver/Ethernet" -I"../Middlewares/Third_Party/ioLibrary_Driver/Ethernet/W5100" -I../Drivers/STM32F4xx_HAL_Driver/Inc/Legacy -I../Middlewares/Third_Party/FreeRTOS/Source/portable/GCC/ARM_CM4F -I"../Middlewares/Third_Party/ioLibrary_Driver/Internet/DHCP" -I../Drivers/CMSIS/Include -I../Core/Inc -I"../Middlewares/Third_Party/ioLibrary_Driver/Internet/DNS" -I../Middlewares/Third_Party/FreeRTOS/Source/CMSIS_RTOS -O0 -ffunction-sections -fdata-sections -Wall -fstack-usage -MMD -MP -MF"Drivers/STM32F4xx_HAL_Driver/Src/stm32f4xx_hal_tim_ex.d" -MT"Drivers/STM32F4xx_HAL_Driver/Src/stm32f4xx_hal_tim_ex.o" --specs=nano.specs -mfpu=fpv4-sp-d16 -mfloat-abi=hard -mthumb -o "Drivers/STM32F4xx_HAL_Driver/Src/stm32f4xx_hal_tim_ex.o"
arm-none-eabi-gcc "../Core/Src/freertos.c" -mcpu=cortex-m4 -std=gnu11 -g3 -DUSE_HAL_DRIVER -DDEBUG -DSTM32F429xx -c -I../Middlewares/Third_Party/FreeRTOS/Source/include -I../Drivers/STM32F4xx_HAL_Driver/Inc -I../Drivers/CMSIS/Device/ST/STM32F4xx/Include -I"../Middlewares/Third_Party/ioLibrary_Driver/Ethernet" -I"../Middlewares/Third_Party/ioLibrary_Driver/Ethernet/W5100" -I../Drivers/STM32F4xx_HAL_Driver/Inc/Legacy -I../Middlewares/Third_Party/FreeRTOS/Source/portable/GCC/ARM_CM4F -I"../Middlewares/Third_Party/ioLibrary_Driver/Internet/DHCP" -I../Drivers/CMSIS/Include -I../Core/Inc -I"../Middlewares/Third_Party/ioLibrary_Driver/Internet/DNS" -I../Middlewares/Third_Party/FreeRTOS/Source/CMSIS_RTOS -O0 -ffunction-sections -fdata-sections -Wall -fstack-usage -MMD -MP -MF"Core/Src/freertos.d" -MT"Core/Src/freertos.o" --specs=nano.specs -mfpu=fpv4-sp-d16 -mfloat-abi=hard -mthumb -o "Core/Src/freertos.o"
arm-none-eabi-gcc "../Core/Src/gpio.c" -mcpu=cortex-m4 -std=gnu11 -g3 -DUSE_HAL_DRIVER -DDEBUG -DSTM32F429xx -c -I../Middlewares/Third_Party/FreeRTOS/Source/include -I../Drivers/STM32F4xx_HAL_Driver/Inc -I../Drivers/CMSIS/Device/ST/STM32F4xx/Include -I"../Middlewares/Third_Party/ioLibrary_Driver/Ethernet" -I"../Middlewares/Third_Party/ioLibrary_Driver/Ethernet/W5100" -I../Drivers/STM32F4xx_HAL_Driver/Inc/Legacy -I../Middlewares/Third_Party/FreeRTOS/Source/portable/GCC/ARM_CM4F -I"../Middlewares/Third_Party/ioLibrary_Driver/Internet/DHCP" -I../Drivers/CMSIS/Include -I../Core/Inc -I"../Middlewares/Third_Party/ioLibrary_Driver/Internet/DNS" -I../Middlewares/Third_Party/FreeRTOS/Source/CMSIS_RTOS -O0 -ffunction-sections -fdata-sections -Wall -fstack-usage -MMD -MP -MF"Core/Src/gpio.d" -MT"Core/Src/gpio.o" --specs=nano.specs -mfpu=fpv4-sp-d16 -mfloat-abi=hard -mthumb -o "Core/Src/gpio.o"
arm-none-eabi-gcc "../Core/Src/main.c" -mcpu=cortex-m4 -std=gnu11 -g3 -DUSE_HAL_DRIVER -DDEBUG -DSTM32F429xx -c -I../Middlewares/Third_Party/FreeRTOS/Source/include -I../Drivers/STM32F4xx_HAL_Driver/Inc -I../Drivers/CMSIS/Device/ST/STM32F4xx/Include -I"../Middlewares/Third_Party/ioLibrary_Driver/Ethernet" -I"../Middlewares/Third_Party/ioLibrary_Driver/Ethernet/W5100" -I../Drivers/STM32F4xx_HAL_Driver/Inc/Legacy -I../Middlewares/Third_Party/FreeRTOS/Source/portable/GCC/ARM_CM4F -I"../Middlewares/Third_Party/ioLibrary_Driver/Internet/DHCP" -I../Drivers/CMSIS/Include -I../Core/Inc -I"../Middlewares/Third_Party/ioLibrary_Driver/Internet/DNS" -I../Middlewares/Third_Party/FreeRTOS/Source/CMSIS_RTOS -O0 -ffunction-sections -fdata-sections -Wall -fstack-usage -MMD -MP -MF"Core/Src/main.d" -MT"Core/Src/main.o" --specs=nano.specs -mfpu=fpv4-sp-d16 -mfloat-abi=hard -mthumb -o "Core/Src/main.o"
arm-none-eabi-gcc "../Core/Src/spi.c" -mcpu=cortex-m4 -std=gnu11 -g3 -DUSE_HAL_DRIVER -DDEBUG -DSTM32F429xx -c -I../Middlewares/Third_Party/FreeRTOS/Source/include -I../Drivers/STM32F4xx_HAL_Driver/Inc -I../Drivers/CMSIS/Device/ST/STM32F4xx/Include -I"../Middlewares/Third_Party/ioLibrary_Driver/Ethernet" -I"../Middlewares/Third_Party/ioLibrary_Driver/Ethernet/W5100" -I../Drivers/STM32F4xx_HAL_Driver/Inc/Legacy -I../Middlewares/Third_Party/FreeRTOS/Source/portable/GCC/ARM_CM4F -I"../Middlewares/Third_Party/ioLibrary_Driver/Internet/DHCP" -I../Drivers/CMSIS/Include -I../Core/Inc -I"../Middlewares/Third_Party/ioLibrary_Driver/Internet/DNS" -I../Middlewares/Third_Party/FreeRTOS/Source/CMSIS_RTOS -O0 -ffunction-sections -fdata-sections -Wall -fstack-usage -MMD -MP -MF"Core/Src/spi.d" -MT"Core/Src/spi.o" --specs=nano.specs -mfpu=fpv4-sp-d16 -mfloat-abi=hard -mthumb -o "Core/Src/spi.o"
arm-none-eabi-gcc "../Core/Src/stm32f4xx_hal_msp.c" -mcpu=cortex-m4 -std=gnu11 -g3 -DUSE_HAL_DRIVER -DDEBUG -DSTM32F429xx -c -I../Middlewares/Third_Party/FreeRTOS/Source/include -I../Drivers/STM32F4xx_HAL_Driver/Inc -I../Drivers/CMSIS/Device/ST/STM32F4xx/Include -I"../Middlewares/Third_Party/ioLibrary_Driver/Ethernet" -I"../Middlewares/Third_Party/ioLibrary_Driver/Ethernet/W5100" -I../Drivers/STM32F4xx_HAL_Driver/Inc/Legacy -I../Middlewares/Third_Party/FreeRTOS/Source/portable/GCC/ARM_CM4F -I"../Middlewares/Third_Party/ioLibrary_Driver/Internet/DHCP" -I../Drivers/CMSIS/Include -I../Core/Inc -I"../Middlewares/Third_Party/ioLibrary_Driver/Internet/DNS" -I../Middlewares/Third_Party/FreeRTOS/Source/CMSIS_RTOS -O0 -ffunction-sections -fdata-sections -Wall -fstack-usage -MMD -MP -MF"Core/Src/stm32f4xx_hal_msp.d" -MT"Core/Src/stm32f4xx_hal_msp.o" --specs=nano.specs -mfpu=fpv4-sp-d16 -mfloat-abi=hard -mthumb -o "Core/Src/stm32f4xx_hal_msp.o"
../Core/Src/main.c: In function 'main':
../Core/Src/main.c:103:3: warning: implicit declaration of function 'printf' [-Wimplicit-function-declaration]
   printf("Don't remove this printf to prevent hard fault.\r\n");
   ^~~~~~
../Core/Src/main.c:103:3: warning: incompatible implicit declaration of built-in function 'printf'
../Core/Src/main.c:103:3: note: include '<stdio.h>' or provide a declaration of 'printf'
arm-none-eabi-gcc "../Core/Src/stm32f4xx_hal_timebase_tim.c" -mcpu=cortex-m4 -std=gnu11 -g3 -DUSE_HAL_DRIVER -DDEBUG -DSTM32F429xx -c -I../Middlewares/Third_Party/FreeRTOS/Source/include -I../Drivers/STM32F4xx_HAL_Driver/Inc -I../Drivers/CMSIS/Device/ST/STM32F4xx/Include -I"../Middlewares/Third_Party/ioLibrary_Driver/Ethernet" -I"../Middlewares/Third_Party/ioLibrary_Driver/Ethernet/W5100" -I../Drivers/STM32F4xx_HAL_Driver/Inc/Legacy -I../Middlewares/Third_Party/FreeRTOS/Source/portable/GCC/ARM_CM4F -I"../Middlewares/Third_Party/ioLibrary_Driver/Internet/DHCP" -I../Drivers/CMSIS/Include -I../Core/Inc -I"../Middlewares/Third_Party/ioLibrary_Driver/Internet/DNS" -I../Middlewares/Third_Party/FreeRTOS/Source/CMSIS_RTOS -O0 -ffunction-sections -fdata-sections -Wall -fstack-usage -MMD -MP -MF"Core/Src/stm32f4xx_hal_timebase_tim.d" -MT"Core/Src/stm32f4xx_hal_timebase_tim.o" --specs=nano.specs -mfpu=fpv4-sp-d16 -mfloat-abi=hard -mthumb -o "Core/Src/stm32f4xx_hal_timebase_tim.o"
arm-none-eabi-gcc "../Core/Src/stm32f4xx_it.c" -mcpu=cortex-m4 -std=gnu11 -g3 -DUSE_HAL_DRIVER -DDEBUG -DSTM32F429xx -c -I../Middlewares/Third_Party/FreeRTOS/Source/include -I../Drivers/STM32F4xx_HAL_Driver/Inc -I../Drivers/CMSIS/Device/ST/STM32F4xx/Include -I"../Middlewares/Third_Party/ioLibrary_Driver/Ethernet" -I"../Middlewares/Third_Party/ioLibrary_Driver/Ethernet/W5100" -I../Drivers/STM32F4xx_HAL_Driver/Inc/Legacy -I../Middlewares/Third_Party/FreeRTOS/Source/portable/GCC/ARM_CM4F -I"../Middlewares/Third_Party/ioLibrary_Driver/Internet/DHCP" -I../Drivers/CMSIS/Include -I../Core/Inc -I"../Middlewares/Third_Party/ioLibrary_Driver/Internet/DNS" -I../Middlewares/Third_Party/FreeRTOS/Source/CMSIS_RTOS -O0 -ffunction-sections -fdata-sections -Wall -fstack-usage -MMD -MP -MF"Core/Src/stm32f4xx_it.d" -MT"Core/Src/stm32f4xx_it.o" --specs=nano.specs -mfpu=fpv4-sp-d16 -mfloat-abi=hard -mthumb -o "Core/Src/stm32f4xx_it.o"
arm-none-eabi-gcc "../Core/Src/system_stm32f4xx.c" -mcpu=cortex-m4 -std=gnu11 -g3 -DUSE_HAL_DRIVER -DDEBUG -DSTM32F429xx -c -I../Middlewares/Third_Party/FreeRTOS/Source/include -I../Drivers/STM32F4xx_HAL_Driver/Inc -I../Drivers/CMSIS/Device/ST/STM32F4xx/Include -I"../Middlewares/Third_Party/ioLibrary_Driver/Ethernet" -I"../Middlewares/Third_Party/ioLibrary_Driver/Ethernet/W5100" -I../Drivers/STM32F4xx_HAL_Driver/Inc/Legacy -I../Middlewares/Third_Party/FreeRTOS/Source/portable/GCC/ARM_CM4F -I"../Middlewares/Third_Party/ioLibrary_Driver/Internet/DHCP" -I../Drivers/CMSIS/Include -I../Core/Inc -I"../Middlewares/Third_Party/ioLibrary_Driver/Internet/DNS" -I../Middlewares/Third_Party/FreeRTOS/Source/CMSIS_RTOS -O0 -ffunction-sections -fdata-sections -Wall -fstack-usage -MMD -MP -MF"Core/Src/system_stm32f4xx.d" -MT"Core/Src/system_stm32f4xx.o" --specs=nano.specs -mfpu=fpv4-sp-d16 -mfloat-abi=hard -mthumb -o "Core/Src/system_stm32f4xx.o"
arm-none-eabi-gcc "../Core/Src/tcpclient.c" -mcpu=cortex-m4 -std=gnu11 -g3 -DUSE_HAL_DRIVER -DDEBUG -DSTM32F429xx -c -I../Middlewares/Third_Party/FreeRTOS/Source/include -I../Drivers/STM32F4xx_HAL_Driver/Inc -I../Drivers/CMSIS/Device/ST/STM32F4xx/Include -I"../Middlewares/Third_Party/ioLibrary_Driver/Ethernet" -I"../Middlewares/Third_Party/ioLibrary_Driver/Ethernet/W5100" -I../Drivers/STM32F4xx_HAL_Driver/Inc/Legacy -I../Middlewares/Third_Party/FreeRTOS/Source/portable/GCC/ARM_CM4F -I"../Middlewares/Third_Party/ioLibrary_Driver/Internet/DHCP" -I../Drivers/CMSIS/Include -I../Core/Inc -I"../Middlewares/Third_Party/ioLibrary_Driver/Internet/DNS" -I../Middlewares/Third_Party/FreeRTOS/Source/CMSIS_RTOS -O0 -ffunction-sections -fdata-sections -Wall -fstack-usage -MMD -MP -MF"Core/Src/tcpclient.d" -MT"Core/Src/tcpclient.o" --specs=nano.specs -mfpu=fpv4-sp-d16 -mfloat-abi=hard -mthumb -o "Core/Src/tcpclient.o"
arm-none-eabi-gcc "../Core/Src/wizInterface.c" -mcpu=cortex-m4 -std=gnu11 -g3 -DUSE_HAL_DRIVER -DDEBUG -DSTM32F429xx -c -I../Middlewares/Third_Party/FreeRTOS/Source/include -I../Drivers/STM32F4xx_HAL_Driver/Inc -I../Drivers/CMSIS/Device/ST/STM32F4xx/Include -I"../Middlewares/Third_Party/ioLibrary_Driver/Ethernet" -I"../Middlewares/Third_Party/ioLibrary_Driver/Ethernet/W5100" -I../Drivers/STM32F4xx_HAL_Driver/Inc/Legacy -I../Middlewares/Third_Party/FreeRTOS/Source/portable/GCC/ARM_CM4F -I"../Middlewares/Third_Party/ioLibrary_Driver/Internet/DHCP" -I../Drivers/CMSIS/Include -I../Core/Inc -I"../Middlewares/Third_Party/ioLibrary_Driver/Internet/DNS" -I../Middlewares/Third_Party/FreeRTOS/Source/CMSIS_RTOS -O0 -ffunction-sections -fdata-sections -Wall -fstack-usage -MMD -MP -MF"Core/Src/wizInterface.d" -MT"Core/Src/wizInterface.o" --specs=nano.specs -mfpu=fpv4-sp-d16 -mfloat-abi=hard -mthumb -o "Core/Src/wizInterface.o"
arm-none-eabi-gcc -o "STM32F4_HAL_ETH_WIZ5100_TCPCLIENT.elf" @"objects.list"   -mcpu=cortex-m4 -T"E:\Workspace\STM\ETH\STM32F4_HAL_LWIP_LAB\STM32F4_HAL_ETH_WIZ5100_TCPCLIENT\STM32F429ZITX_FLASH.ld" --specs=nosys.specs -Wl,-Map="STM32F4_HAL_ETH_WIZ5100_TCPCLIENT.map" -Wl,--gc-sections -static --specs=nano.specs -mfpu=fpv4-sp-d16 -mfloat-abi=hard -mthumb -Wl,--start-group -lc -lm -Wl,--end-group
Finished building target: STM32F4_HAL_ETH_WIZ5100_TCPCLIENT.elf
 
arm-none-eabi-objdump -h -S  STM32F4_HAL_ETH_WIZ5100_TCPCLIENT.elf  > "STM32F4_HAL_ETH_WIZ5100_TCPCLIENT.list"
arm-none-eabi-objcopy  -O binary  STM32F4_HAL_ETH_WIZ5100_TCPCLIENT.elf  "STM32F4_HAL_ETH_WIZ5100_TCPCLIENT.bin"
arm-none-eabi-size   STM32F4_HAL_ETH_WIZ5100_TCPCLIENT.elf 
   text	   data	    bss	    dec	    hex	filename
  34736	    208	  38088	  73032	  11d48	STM32F4_HAL_ETH_WIZ5100_TCPCLIENT.elf
Finished building: default.size.stdout
 
Finished building: STM32F4_HAL_ETH_WIZ5100_TCPCLIENT.bin
 
Finished building: STM32F4_HAL_ETH_WIZ5100_TCPCLIENT.list
 

22:13:39 Build Finished. 0 errors, 2 warnings. (took 7s.462ms)

