dhcp.c:226:1:dhcp_inc_pcb_refcount	8	static
dhcp.c:253:1:dhcp_dec_pcb_refcount	8	static
dhcp.c:277:1:dhcp_handle_nak	24	static
dhcp.c:303:1:dhcp_check	24	static
dhcp.c:332:1:dhcp_handle_offer	24	static
dhcp.c:366:1:dhcp_select	56	static
dhcp.c:430:1:dhcp_coarse_tmr	16	static
dhcp.c:468:1:dhcp_fine_tmr	16	static
dhcp.c:499:1:dhcp_timeout	24	static
dhcp.c:546:1:dhcp_t1_timeout	24	static
dhcp.c:573:1:dhcp_t2_timeout	24	static
dhcp.c:599:1:dhcp_handle_ack	24	static
dhcp.c:690:1:dhcp_set_struct	16	static
dhcp.c:712:6:dhcp_cleanup	16	static
dhcp.c:737:1:dhcp_start	24	static
dhcp.c:814:1:dhcp_inform	88	static
dhcp.c:858:1:dhcp_network_changed	24	static
dhcp.c:903:1:dhcp_arp_reply	24	static
dhcp.c:935:1:dhcp_decline	56	static
dhcp.c:981:1:dhcp_discover	48	static
dhcp.c:1040:1:dhcp_bind	40	static
dhcp.c:1150:1:dhcp_renew	48	static
dhcp.c:1206:1:dhcp_rebind	48	static
dhcp.c:1260:1:dhcp_reboot	56	static
dhcp.c:1318:1:dhcp_release_and_stop	56	static
dhcp.c:1394:1:dhcp_release	16	static
dhcp.c:1406:1:dhcp_stop	16	static
dhcp.c:1417:1:dhcp_set_state	16	static
dhcp.c:1432:1:dhcp_option	16	static
dhcp.c:1444:1:dhcp_option_byte	16	static
dhcp.c:1452:1:dhcp_option_short	16	static
dhcp.c:1461:1:dhcp_option_long	24	static
dhcp.c:1507:1:dhcp_parse_reply	72	static
dhcp.c:1754:1:dhcp_recv	48	static
dhcp.c:1874:1:dhcp_create_msg	40	static
dhcp.c:1960:1:dhcp_option_trailer	24	static
dhcp.c:1980:1:dhcp_supplied_address	24	static
